Archive member included because of file (symbol)

C:\firebolt\branches\firebolt_branch01\Eclipse Luna SR1 121\Workspace\rodos\Debug_STM32F4\librodos.a(application.o)
                              ./Template.o (RODOS::Application::Application(char const*, long))
C:\firebolt\branches\firebolt_branch01\Eclipse Luna SR1 121\Workspace\rodos\Debug_STM32F4\librodos.a(debug.o)
                              C:\firebolt\branches\firebolt_branch01\Eclipse Luna SR1 121\Workspace\rodos\Debug_STM32F4\librodos.a(application.o) (RODOS::PRINTF(char const*, ...))
C:\firebolt\branches\firebolt_branch01\Eclipse Luna SR1 121\Workspace\rodos\Debug_STM32F4\librodos.a(listelement.o)
                              C:\firebolt\branches\firebolt_branch01\Eclipse Luna SR1 121\Workspace\rodos\Debug_STM32F4\librodos.a(application.o) (RODOS::ListElement::ListElement(RODOS::ListElement*&, char const*, void*))
C:\firebolt\branches\firebolt_branch01\Eclipse Luna SR1 121\Workspace\rodos\Debug_STM32F4\librodos.a(printfverbosity.o)
                              C:\firebolt\branches\firebolt_branch01\Eclipse Luna SR1 121\Workspace\rodos\Debug_STM32F4\librodos.a(debug.o) (printfVerbosity)
C:\firebolt\branches\firebolt_branch01\Eclipse Luna SR1 121\Workspace\rodos\Debug_STM32F4\librodos.a(string_pico.o)
                              ./Template.o (strlen)
C:\firebolt\branches\firebolt_branch01\Eclipse Luna SR1 121\Workspace\rodos\Debug_STM32F4\librodos.a(subscriber.o)
                              ./Template.o (vtable for RODOS::Subscriber)
C:\firebolt\branches\firebolt_branch01\Eclipse Luna SR1 121\Workspace\rodos\Debug_STM32F4\librodos.a(timemodel.o)
                              ./Template.o (RODOS::TimeModel::getNanoseconds())
C:\firebolt\branches\firebolt_branch01\Eclipse Luna SR1 121\Workspace\rodos\Debug_STM32F4\librodos.a(topic.o)
                              ./Template.o (RODOS::TopicInterface::TopicInterface(long, long, char const*))
C:\firebolt\branches\firebolt_branch01\Eclipse Luna SR1 121\Workspace\rodos\Debug_STM32F4\librodos.a(yprintf.o)
                              C:\firebolt\branches\firebolt_branch01\Eclipse Luna SR1 121\Workspace\rodos\Debug_STM32F4\librodos.a(debug.o) (RODOS::Yprintf::vaprintf(char const*))
C:\firebolt\branches\firebolt_branch01\Eclipse Luna SR1 121\Workspace\rodos\Debug_STM32F4\librodos.a(call_constructors.o)
                              ./Template.o (__dso_handle)
C:\firebolt\branches\firebolt_branch01\Eclipse Luna SR1 121\Workspace\rodos\Debug_STM32F4\librodos.a(startup_stm32f4xx.o)
                              (Reset_Handler)
C:\firebolt\branches\firebolt_branch01\Eclipse Luna SR1 121\Workspace\rodos\Debug_STM32F4\librodos.a(hal_gpio.o)
                              ./Template.o (RODOS::HAL_GPIO::HAL_GPIO(RODOS::GPIO_PIN))
C:\firebolt\branches\firebolt_branch01\Eclipse Luna SR1 121\Workspace\rodos\Debug_STM32F4\librodos.a(hal_spi.o)
                              ./Template.o (RODOS::HAL_SPI::HAL_SPI(RODOS::SPI_IDX))
C:\firebolt\branches\firebolt_branch01\Eclipse Luna SR1 121\Workspace\rodos\Debug_STM32F4\librodos.a(hal_uart.o)
                              ./Template.o (RODOS::HAL_UART::HAL_UART(RODOS::UART_IDX))
C:\firebolt\branches\firebolt_branch01\Eclipse Luna SR1 121\Workspace\rodos\Debug_STM32F4\librodos.a(stm32f4xx_dma.o)
                              C:\firebolt\branches\firebolt_branch01\Eclipse Luna SR1 121\Workspace\rodos\Debug_STM32F4\librodos.a(hal_spi.o) (DMA_Init)
C:\firebolt\branches\firebolt_branch01\Eclipse Luna SR1 121\Workspace\rodos\Debug_STM32F4\librodos.a(stm32f4xx_gpio.o)
                              C:\firebolt\branches\firebolt_branch01\Eclipse Luna SR1 121\Workspace\rodos\Debug_STM32F4\librodos.a(hal_gpio.o) (GPIO_Init)
C:\firebolt\branches\firebolt_branch01\Eclipse Luna SR1 121\Workspace\rodos\Debug_STM32F4\librodos.a(stm32f4xx_rcc.o)
                              C:\firebolt\branches\firebolt_branch01\Eclipse Luna SR1 121\Workspace\rodos\Debug_STM32F4\librodos.a(hal_spi.o) (RCC_GetClocksFreq)
C:\firebolt\branches\firebolt_branch01\Eclipse Luna SR1 121\Workspace\rodos\Debug_STM32F4\librodos.a(stm32f4xx_spi.o)
                              C:\firebolt\branches\firebolt_branch01\Eclipse Luna SR1 121\Workspace\rodos\Debug_STM32F4\librodos.a(hal_spi.o) (SPI_Init)
C:\firebolt\branches\firebolt_branch01\Eclipse Luna SR1 121\Workspace\rodos\Debug_STM32F4\librodos.a(stm32f4xx_syscfg.o)
                              C:\firebolt\branches\firebolt_branch01\Eclipse Luna SR1 121\Workspace\rodos\Debug_STM32F4\librodos.a(hal_gpio.o) (SYSCFG_EXTILineConfig)
C:\firebolt\branches\firebolt_branch01\Eclipse Luna SR1 121\Workspace\rodos\Debug_STM32F4\librodos.a(stm32f4xx_usart.o)
                              C:\firebolt\branches\firebolt_branch01\Eclipse Luna SR1 121\Workspace\rodos\Debug_STM32F4\librodos.a(hal_uart.o) (USART_DeInit)
C:\firebolt\branches\firebolt_branch01\Eclipse Luna SR1 121\Workspace\rodos\Debug_STM32F4\librodos.a(hw_specific.o)
[...]
Memory Configuration

Name             Origin             Length             Attributes
FLASH            0x08000000         0x00100000         xr
RAM              0x20000000         0x00020000         xrw
CCMRAM           0x10000000         0x00010000         xrw
MEMORY_B1        0x60000000         0x00000000         xr
*default*        0x00000000         0xffffffff

Linker script and memory map

LOAD ./Template.o
LOAD C:\firebolt\branches\firebolt_branch01\Eclipse Luna SR1 121\Workspace\rodos\Debug_STM32F4\librodos.a
LOAD C:\firebolt\branches\firebolt_branch01\Eclipse Luna SR1 121\Workspace\support_libs\Debug_STM32F4\libsupport.a
LOAD c:/firebolt/branches/firebolt_branch01/eclipse luna sr1 121/gnu tools arm embedded/4.8 2014q3/bin/../lib/gcc/arm-none-eabi/4.8.4/../../../../arm-none-eabi/lib/armv7e-m/softfp\libm.a
                0x20020000                _estack = 0x20020000
                0x00001000                _Min_Heap_Size = 0x1000
                0x00000400                _Min_Stack_Size = 0x400

.isr_vector     0x08000000      0x18c
                0x08000000                . = ALIGN (0x4)
                0x08000000                _image_address = .
 *(.isr_vector)
 .isr_vector    0x08000000      0x18c C:\firebolt\branches\firebolt_branch01\Eclipse Luna SR1 121\Workspace\rodos\Debug_STM32F4\librodos.a(startup_stm32f4xx.o)
                0x08000000                g_pfnVectors
                0x0800018c                . = ALIGN (0x4)

.text           0x08000190     0xdb5c
                0x08000190                . = ALIGN (0x4)
 *(.text)
 .text          0x08000190      0x370 c:/firebolt/branches/firebolt_branch01/eclipse luna sr1 121/gnu tools arm embedded/4.8 2014q3/bin/../lib/gcc/arm-none-eabi/4.8.4/armv7e-m/softfp\libgcc.a(_arm_addsubdf3.o)
                0x08000190                __aeabi_drsub
                0x08000198                __aeabi_dsub
                0x08000198                __subdf3
                0x0800019c                __aeabi_dadd
                0x0800019c                __adddf3
                0x08000414                __floatunsidf
                0x08000414                __aeabi_ui2d
                0x08000434                __floatsidf
                0x08000434                __aeabi_i2d
                0x08000458                __aeabi_f2d
                0x08000458                __extendsfdf2
                0x08000494                __floatundidf
                0x08000494                __aeabi_ul2d
                0x080004a4                __floatdidf
                0x080004a4                __aeabi_l2d
 .text          0x08000500      0x424 c:/firebolt/branches/firebolt_branch01/eclipse luna sr1 121/gnu tools arm embedded/4.8 2014q3/bin/../lib/gcc/arm-none-eabi/4.8.4/armv7e-m/softfp\libgcc.a(_arm_muldivdf3.o)
                0x08000500                __aeabi_dmul
                0x08000500                __muldf3
                0x08000754                __divdf3
                0x08000754                __aeabi_ddiv
 .text          0x08000924      0x110 c:/firebolt/branches/firebolt_branch01/eclipse luna sr1 121/gnu tools arm embedded/4.8 2014q3/bin/../lib/gcc/arm-none-eabi/4.8.4/armv7e-m/softfp\libgcc.a(_arm_cmpdf2.o)
                0x08000924                __gtdf2
                0x08000924                __gedf2
                0x0800092c                __ltdf2
                0x0800092c                __ledf2
                0x08000934                __nedf2
                0x08000934                __eqdf2
                0x08000934                __cmpdf2
                0x080009b0                __aeabi_cdrcmple
                0x080009c0                __aeabi_cdcmpeq
                0x080009c0                __aeabi_cdcmple
                0x080009d0                __aeabi_dcmpeq
                0x080009e4                __aeabi_dcmplt
                0x080009f8                __aeabi_dcmple
                0x08000a0c                __aeabi_dcmpge
                0x08000a20                __aeabi_dcmpgt
 .text          0x08000a34       0x50 c:/firebolt/branches/firebolt_branch01/eclipse luna sr1 121/gnu tools arm embedded/4.8 2014q3/bin/../lib/gcc/arm-none-eabi/4.8.4/armv7e-m/softfp\libgcc.a(_arm_fixdfsi.o)
                0x08000a34                __aeabi_d2iz
                0x08000a34                __fixdfsi
 .text          0x08000a84       0x40 c:/firebolt/branches/firebolt_branch01/eclipse luna sr1 121/gnu tools arm embedded/4.8 2014q3/bin/../lib/gcc/arm-none-eabi/4.8.4/armv7e-m/softfp\libgcc.a(_arm_fixunsdfsi.o)
                0x08000a84                __aeabi_d2uiz
                0x08000a84                __fixunsdfsi
 .text          0x08000ac4       0x38 c:/firebolt/branches/firebolt_branch01/eclipse luna sr1 121/gnu tools arm embedded/4.8 2014q3/bin/../lib/gcc/arm-none-eabi/4.8.4/armv7e-m/softfp\libgcc.a(_aeabi_ldivmod.o)
                0x08000ac4                __aeabi_ldivmod
 .text          0x08000afc       0x2c c:/firebolt/branches/firebolt_branch01/eclipse luna sr1 121/gnu tools arm embedded/4.8 2014q3/bin/../lib/gcc/arm-none-eabi/4.8.4/armv7e-m/softfp\libgcc.a(_aeabi_uldivmod.o)
                0x08000afc                __aeabi_uldivmod
 .text          0x08000b28       0x30 c:/firebolt/branches/firebolt_branch01/eclipse luna sr1 121/gnu tools arm embedded/4.8 2014q3/bin/../lib/gcc/arm-none-eabi/4.8.4/armv7e-m/softfp\libgcc.a(_fixdfdi.o)
                0x08000b28                __fixdfdi
                0x08000b28                __aeabi_d2lz
 .text          0x08000b58       0x44 c:/firebolt/branches/firebolt_branch01/eclipse luna sr1 121/gnu tools arm embedded/4.8 2014q3/bin/../lib/gcc/arm-none-eabi/4.8.4/armv7e-m/softfp\libgcc.a(_fixunsdfdi.o)
                0x08000b58                __fixunsdfdi
                0x08000b58                __aeabi_d2ulz
 .text          0x08000b9c       0x60 c:/firebolt/branches/firebolt_branch01/eclipse luna sr1 121/gnu tools arm embedded/4.8 2014q3/bin/../lib/gcc/arm-none-eabi/4.8.4/armv7e-m/softfp\libgcc.a(bpabi.o)
                0x08000b9c                __gnu_ldivmod_helper
                0x08000bcc                __gnu_uldivmod_helper
 .text          0x08000bfc        0x4 c:/firebolt/branches/firebolt_branch01/eclipse luna sr1 121/gnu tools arm embedded/4.8 2014q3/bin/../lib/gcc/arm-none-eabi/4.8.4/armv7e-m/softfp\libgcc.a(_dvmd_tls.o)
                0x08000bfc                __aeabi_idiv0
                0x08000bfc                __aeabi_ldiv0
 .text          0x08000c00      0x298 c:/firebolt/branches/firebolt_branch01/eclipse luna sr1 121/gnu tools arm embedded/4.8 2014q3/bin/../lib/gcc/arm-none-eabi/4.8.4/armv7e-m/softfp\libgcc.a(_divdi3.o)
                0x08000c00                __divdi3
 .text          0x08000e98      0x284 c:/firebolt/branches/firebolt_branch01/eclipse luna sr1 121/gnu tools arm embedded/4.8 2014q3/bin/../lib/gcc/arm-none-eabi/4.8.4/armv7e-m/softfp\libgcc.a(_udivdi3.o)
                0x08000e98                __udivdi3
 *(.text*)
 .text._ZN5RODOS14TopicInterfaceD2Ev
                0x0800111c       0x3c ./Template.o
                0x0800111c                RODOS::TopicInterface::~TopicInterface()
                0x0800111c                RODOS::TopicInterface::~TopicInterface()
 .text._ZN5RODOS14TopicInterfaceD0Ev
                0x08001158       0x20 ./Template.o
                0x08001158                RODOS::TopicInterface::~TopicInterface()
 .text._ZN5RODOS10SubscriberD2Ev
                0x08001178       0x3c ./Template.o
                0x08001178                RODOS::Subscriber::~Subscriber()
                0x08001178                RODOS::Subscriber::~Subscriber()
 .text._ZN5RODOS10SubscriberD0Ev
                0x080011b4       0x20 ./Template.o
                0x080011b4                RODOS::Subscriber::~Subscriber()
 .text._ZN5RODOS6PutterD2Ev
                0x080011d4       0x28 ./Template.o
                0x080011d4                RODOS::Putter::~Putter()
                0x080011d4                RODOS::Putter::~Putter()
 .text._ZN5RODOS6PutterD0Ev
                0x080011fc       0x20 ./Template.o
                0x080011fc                RODOS::Putter::~Putter()
 .text._ZN5RODOS6Putter10putGenericEljPKvRKNS_10NetMsgInfoE
                0x0800121c       0x24 ./Template.o
                0x0800121c                RODOS::Putter::putGeneric(long, unsigned int, void const*, RODOS::NetMsgInfo const&)
 .text._ZN9TelemetryC2EPKc
                0x08001240       0x30 ./Template.o
                0x08001240                Telemetry::Telemetry(char const*)
                0x08001240                Telemetry::Telemetry(char const*)
 .text._ZN9Telemetry4initEv
                0x08001270       0x2c ./Template.o
                0x08001270                Telemetry::init()
 *fill*         0x0800129c        0x4 
 .text._ZN9Telemetry3runEv
                0x080012a0       0x88 ./Template.o
                0x080012a0                Telemetry::run()
 .text._ZN9SensorIMUC2EPKc
                0x08001328       0x44 ./Template.o
                0x08001328                SensorIMU::SensorIMU(char const*)
                0x08001328                SensorIMU::SensorIMU(char const*)
 .text._ZN9SensorIMU4initEv
                0x0800136c       0x50 ./Template.o
                0x0800136c                SensorIMU::init()
 *fill*         0x080013bc        0x4 
 .text._ZN9SensorIMU3runEv
                0x080013c0       0xd0 ./Template.o
                0x080013c0                SensorIMU::run()
 .text._ZN5RODOS5TopicI10SensorDataEC2ElPKc
                0x08001490       0x30 ./Template.o
                0x08001490                RODOS::Topic<SensorData>::Topic(long, char const*)
                0x08001490                RODOS::Topic<SensorData>::Topic(long, char const*)
 .text._ZN5RODOS6PutterC2Ev
                0x080014c0       0x20 ./Template.o
                0x080014c0                RODOS::Putter::Putter()
                0x080014c0                RODOS::Putter::Putter()
 .text._ZN5RODOS10CommBufferI10SensorDataEC2Ev
                0x080014e0       0x74 ./Template.o
                0x080014e0                RODOS::CommBuffer<SensorData>::CommBuffer()
                0x080014e0                RODOS::CommBuffer<SensorData>::CommBuffer()
 .text._ZN5RODOS10CommBufferI10SensorDataE3getERS1_
                0x08001554       0x58 ./Template.o
                0x08001554                RODOS::CommBuffer<SensorData>::get(SensorData&)
 .text._ZN5RODOS5TopicI10SensorDataE7publishERS1_b
                0x080015ac       0x28 ./Template.o
                0x080015ac                RODOS::Topic<SensorData>::publish(SensorData&, bool)
 .text._ZN9SensorIMUD2Ev
                0x080015d4       0x30 ./Template.o
                0x080015d4                SensorIMU::~SensorIMU()
                0x080015d4                SensorIMU::~SensorIMU()
 .text._ZN9SensorIMUD0Ev
                0x08001604       0x20 ./Template.o
                0x08001604                SensorIMU::~SensorIMU()
 .text._ZN9TelemetryD2Ev
                0x08001624       0x30 ./Template.o
                0x08001624                Telemetry::~Telemetry()
                0x08001624                Telemetry::~Telemetry()
 .text._ZN9TelemetryD0Ev
                0x08001654       0x20 ./Template.o
                0x08001654                Telemetry::~Telemetry()
 .text._ZN5RODOS10CommBufferI10SensorDataED2Ev
                0x08001674       0x30 ./Template.o
                0x08001674                RODOS::CommBuffer<SensorData>::~CommBuffer()
                0x08001674                RODOS::CommBuffer<SensorData>::~CommBuffer()
 .text._ZN5RODOS10CommBufferI10SensorDataED0Ev
                0x080016a4       0x20 ./Template.o
                0x080016a4                RODOS::CommBuffer<SensorData>::~CommBuffer()
 .text._Z41__static_initialization_and_destruction_0ii
                0x080016c4      0x12c ./Template.o
 .text._ZN5RODOS10CommBufferI10SensorDataE10putGenericEljPKvRKNS_10NetMsgInfoE
                0x080017f0       0x34 ./Template.o
                0x080017f0                RODOS::CommBuffer<SensorData>::putGeneric(long, unsigned int, void const*, RODOS::NetMsgInfo const&)
 .text._ZN5RODOS5TopicI10SensorDataED2Ev
                0x08001824       0x3c ./Template.o
                0x08001824                RODOS::Topic<SensorData>::~Topic()
                0x08001824                RODOS::Topic<SensorData>::~Topic()
 .text._ZN5RODOS5TopicI10SensorDataED0Ev
                0x08001860       0x20 ./Template.o
                0x08001860                RODOS::Topic<SensorData>::~Topic()
 .text._ZN5RODOS10CommBufferI10SensorDataE3putERS1_
                0x08001880       0x88 ./Template.o
                0x08001880                RODOS::CommBuffer<SensorData>::put(SensorData&)
 .text._GLOBAL__sub_I_GreenLED
                0x08001908       0x10 ./Template.o
 .text._ZNK5RODOS11ListElement7getNextEv
                0x08001918       0x18 C:\firebolt\branches\firebolt_branch01\Eclipse Luna SR1 121\Workspace\rodos\Debug_STM32F4\librodos.a(application.o)
                0x08001918                RODOS::ListElement::getNext() const
 .text._ZNK5RODOS11ListElement7getNameEv
                0x08001930       0x18 C:\firebolt\branches\firebolt_branch01\Eclipse Luna SR1 121\Workspace\rodos\Debug_STM32F4\librodos.a(application.o)
                0x08001930                RODOS::ListElement::getName() const
 .text._ZN5RODOS11Application4initEv
                0x08001948       0x14 C:\firebolt\branches\firebolt_branch01\Eclipse Luna SR1 121\Workspace\rodos\Debug_STM32F4\librodos.a(application.o)
                0x08001948                RODOS::Application::init()
 .text._ZN5RODOS11ApplicationC2EPKcl
                0x0800195c       0x40 C:\firebolt\branches\firebolt_branch01\Eclipse Luna SR1 121\Workspace\rodos\Debug_STM32F4\librodos.a(application.o)
                0x0800195c                RODOS::Application::Application(char const*, long)
                0x0800195c                RODOS::Application::Application(char const*, long)
 .text._ZN5RODOS11ApplicationD2Ev
                0x0800199c       0x3c C:\firebolt\branches\firebolt_branch01\Eclipse Luna SR1 121\Workspace\rodos\Debug_STM32F4\librodos.a(application.o)
                0x0800199c                RODOS::Application::~Application()
                0x0800199c                RODOS::Application::~Application()
 .text._ZN5RODOS11ApplicationD0Ev
                0x080019d8       0x20 C:\firebolt\branches\firebolt_branch01\Eclipse Luna SR1 121\Workspace\rodos\Debug_STM32F4\librodos.a(application.o)
                0x080019d8                RODOS::Application::~Application()
 .text._ZN5RODOS11Application8activateEv
                0x080019f8       0x18 C:\firebolt\branches\firebolt_branch01\Eclipse Luna SR1 121\Workspace\rodos\Debug_STM32F4\librodos.a(application.o)
                0x080019f8                RODOS::Application::activate()
 .text._ZN5RODOS11Application10deactivateEv
                0x08001a10       0x18 C:\firebolt\branches\firebolt_branch01\Eclipse Luna SR1 121\Workspace\rodos\Debug_STM32F4\librodos.a(application.o)
                0x08001a10                RODOS::Application::deactivate()
 .text._ZN5RODOS11Application7requestEPviS1_i
                0x08001a28       0x20 C:\firebolt\branches\firebolt_branch01\Eclipse Luna SR1 121\Workspace\rodos\Debug_STM32F4\librodos.a(application.o)
                0x08001a28                RODOS::Application::request(void*, int, void*, int)
 .text._ZN5RODOS11Application17printApplicationsEv
                0x08001a48       0x64 C:\firebolt\branches\firebolt_branch01\Eclipse Luna SR1 121\Workspace\rodos\Debug_STM32F4\librodos.a(application.o)
                0x08001a48                RODOS::Application::printApplications()
 .text._ZN5RODOS7YprintfD2Ev
                0x08001aac       0x28 C:\firebolt\branches\firebolt_branch01\Eclipse Luna SR1 121\Workspace\rodos\Debug_STM32F4\librodos.a(debug.o)
                0x08001aac                RODOS::Yprintf::~Yprintf()
                0x08001aac                RODOS::Yprintf::~Yprintf()
 .text._ZN5RODOS7YprintfD0Ev
                0x08001ad4       0x20 C:\firebolt\branches\firebolt_branch01\Eclipse Luna SR1 121\Workspace\rodos\Debug_STM32F4\librodos.a(debug.o)
                0x08001ad4                RODOS::Yprintf::~Yprintf()
 .text._ZN5RODOS7Yprintf5yputcEc
                0x08001af4       0x1c C:\firebolt\branches\firebolt_branch01\Eclipse Luna SR1 121\Workspace\rodos\Debug_STM32F4\librodos.a(debug.o)
                0x08001af4                RODOS::Yprintf::yputc(char)
 .text._ZN5RODOS7YprintfC2Ev
                0x08001b10       0x20 C:\firebolt\branches\firebolt_branch01\Eclipse Luna SR1 121\Workspace\rodos\Debug_STM32F4\librodos.a(debug.o)
                0x08001b10                RODOS::Yprintf::Yprintf()
                0x08001b10                RODOS::Yprintf::Yprintf()
 .text._ZN5RODOS6PRINTFEPKcz
                0x08001b30       0x8c C:\firebolt\branches\firebolt_branch01\Eclipse Luna SR1 121\Workspace\rodos\Debug_STM32F4\librodos.a(debug.o)
                0x08001b30                RODOS::PRINTF(char const*, ...)
 .text._ZN5RODOS5ERROREPKc
                0x08001bbc       0x34 C:\firebolt\branches\firebolt_branch01\Eclipse Luna SR1 121\Workspace\rodos\Debug_STM32F4\librodos.a(debug.o)
                0x08001bbc                RODOS::ERROR(char const*)
 .text._Z41__static_initialization_and_destruction_0ii
                0x08001bf0       0x2c C:\firebolt\branches\firebolt_branch01\Eclipse Luna SR1 121\Workspace\rodos\Debug_STM32F4\librodos.a(debug.o)
 .text._GLOBAL__sub_I__ZN5RODOS12errorCounterE
                0x08001c1c       0x10 C:\firebolt\branches\firebolt_branch01\Eclipse Luna SR1 121\Workspace\rodos\Debug_STM32F4\librodos.a(debug.o)
 .text._ZN5RODOS11ListElementC2ERPS0_PKcPv
                0x08001c2c       0x40 C:\firebolt\branches\firebolt_branch01\Eclipse Luna SR1 121\Workspace\rodos\Debug_STM32F4\librodos.a(listelement.o)
                0x08001c2c                RODOS::ListElement::ListElement(RODOS::ListElement*&, char const*, void*)
                0x08001c2c                RODOS::ListElement::ListElement(RODOS::ListElement*&, char const*, void*)
 .text._ZN5RODOS11ListElement6appendERPS0_
                0x08001c6c       0x50 C:\firebolt\branches\firebolt_branch01\Eclipse Luna SR1 121\Workspace\rodos\Debug_STM32F4\librodos.a(listelement.o)
                0x08001c6c                RODOS::ListElement::append(RODOS::ListElement*&)
 .text._ZN5RODOS11ListElementD2Ev
                0x08001cbc       0x1c C:\firebolt\branches\firebolt_branch01\Eclipse Luna SR1 121\Workspace\rodos\Debug_STM32F4\librodos.a(listelement.o)
                0x08001cbc                RODOS::ListElement::~ListElement()
                0x08001cbc                RODOS::ListElement::~ListElement()
 .text.strlen   0x08001cd8       0x3c C:\firebolt\branches\firebolt_branch01\Eclipse Luna SR1 121\Workspace\rodos\Debug_STM32F4\librodos.a(string_pico.o)
                0x08001cd8                strlen
 .text.memset   0x08001d14       0x44 C:\firebolt\branches\firebolt_branch01\Eclipse Luna SR1 121\Workspace\rodos\Debug_STM32F4\librodos.a(string_pico.o)
                0x08001d14                memset
 .text.memcpy   0x08001d58       0x54 C:\firebolt\branches\firebolt_branch01\Eclipse Luna SR1 121\Workspace\rodos\Debug_STM32F4\librodos.a(string_pico.o)
                0x08001d58                memcpy
 .text._ZdlPv   0x08001dac       0x14 C:\firebolt\branches\firebolt_branch01\Eclipse Luna SR1 121\Workspace\rodos\Debug_STM32F4\librodos.a(string_pico.o)
                0x08001dac                operator delete(void*)
 .text._ZN5RODOS10SubscriberC2ERNS_14TopicInterfaceERNS_6PutterEPKcb
                0x08001dc0       0x64 C:\firebolt\branches\firebolt_branch01\Eclipse Luna SR1 121\Workspace\rodos\Debug_STM32F4\librodos.a(subscriber.o)
                0x08001dc0                RODOS::Subscriber::Subscriber(RODOS::TopicInterface&, RODOS::Putter&, char const*, bool)
                0x08001dc0                RODOS::Subscriber::Subscriber(RODOS::TopicInterface&, RODOS::Putter&, char const*, bool)
 .text._ZN5RODOS10Subscriber3putEllPKvl
                0x08001e24       0x20 C:\firebolt\branches\firebolt_branch01\Eclipse Luna SR1 121\Workspace\rodos\Debug_STM32F4\librodos.a(subscriber.o)
                0x08001e24                RODOS::Subscriber::put(long, long, void const*, long)
 .text._ZN5RODOS10Subscriber3putEllPKvRKNS_10NetMsgInfoE
                0x08001e44       0xac C:\firebolt\branches\firebolt_branch01\Eclipse Luna SR1 121\Workspace\rodos\Debug_STM32F4\librodos.a(subscriber.o)
                0x08001e44                RODOS::Subscriber::put(long, long, void const*, RODOS::NetMsgInfo const&)
 .text._ZN5RODOS10Subscriber16putFromInterruptElPKvi
                0x08001ef0       0x3c C:\firebolt\branches\firebolt_branch01\Eclipse Luna SR1 121\Workspace\rodos\Debug_STM32F4\librodos.a(subscriber.o)
                0x08001ef0                RODOS::Subscriber::putFromInterrupt(long, void const*, int)
 .text._ZN5RODOS9TimeModelC2Ev
                0x08001f2c       0x48 C:\firebolt\branches\firebolt_branch01\Eclipse Luna SR1 121\Workspace\rodos\Debug_STM32F4\librodos.a(timemodel.o)
                0x08001f2c                RODOS::TimeModel::TimeModel()
                0x08001f2c                RODOS::TimeModel::TimeModel()
 .text._ZN5RODOS9TimeModel14getNanosecondsEv
                0x08001f74       0x14 C:\firebolt\branches\firebolt_branch01\Eclipse Luna SR1 121\Workspace\rodos\Debug_STM32F4\librodos.a(timemodel.o)
                0x08001f74                RODOS::TimeModel::getNanoseconds()
 .text._ZN5RODOS9TimeModel15computeNextBeatExxx
                0x08001f88       0x88 C:\firebolt\branches\firebolt_branch01\Eclipse Luna SR1 121\Workspace\rodos\Debug_STM32F4\librodos.a(timemodel.o)
                0x08001f88                RODOS::TimeModel::computeNextBeat(long long, long long, long long)
 .text._Z41__static_initialization_and_destruction_0ii
                0x08002010       0x2c C:\firebolt\branches\firebolt_branch01\Eclipse Luna SR1 121\Workspace\rodos\Debug_STM32F4\librodos.a(timemodel.o)
 .text._GLOBAL__sub_I__ZN5RODOS7sysTimeE
                0x0800203c       0x10 C:\firebolt\branches\firebolt_branch01\Eclipse Luna SR1 121\Workspace\rodos\Debug_STM32F4\librodos.a(timemodel.o)
 .text._ZN5RODOS14TopicInterfaceC2EllPKc
                0x0800204c       0xe0 C:\firebolt\branches\firebolt_branch01\Eclipse Luna SR1 121\Workspace\rodos\Debug_STM32F4\librodos.a(topic.o)
                0x0800204c                RODOS::TopicInterface::TopicInterface(long, long, char const*)
                0x0800204c                RODOS::TopicInterface::TopicInterface(long, long, char const*)
 .text._ZN5RODOS14TopicInterface7publishEPvbPNS_10NetMsgInfoE
                0x0800212c       0x30 C:\firebolt\branches\firebolt_branch01\Eclipse Luna SR1 121\Workspace\rodos\Debug_STM32F4\librodos.a(topic.o)
                0x0800212c                RODOS::TopicInterface::publish(void*, bool, RODOS::NetMsgInfo*)
 .text._ZN5RODOS14TopicInterface14publishMsgPartEPvjbPNS_10NetMsgInfoE
                0x0800215c      0x13c C:\firebolt\branches\firebolt_branch01\Eclipse Luna SR1 121\Workspace\rodos\Debug_STM32F4\librodos.a(topic.o)
                0x0800215c                RODOS::TopicInterface::publishMsgPart(void*, unsigned int, bool, RODOS::NetMsgInfo*)
 .text._ZN5RODOS5TopicINS_13GenericMsgRefEED2Ev
                0x08002298       0x3c C:\firebolt\branches\firebolt_branch01\Eclipse Luna SR1 121\Workspace\rodos\Debug_STM32F4\librodos.a(topic.o)
                0x08002298                RODOS::Topic<RODOS::GenericMsgRef>::~Topic()
                0x08002298                RODOS::Topic<RODOS::GenericMsgRef>::~Topic()
 .text._ZN5RODOS5TopicINS_13GenericMsgRefEED0Ev
                0x080022d4       0x20 C:\firebolt\branches\firebolt_branch01\Eclipse Luna SR1 121\Workspace\rodos\Debug_STM32F4\librodos.a(topic.o)
                0x080022d4                RODOS::Topic<RODOS::GenericMsgRef>::~Topic()
 .text._ZN5RODOS5TopicINS_13GenericMsgRefEEC2ElPKc
                0x080022f4       0x30 C:\firebolt\branches\firebolt_branch01\Eclipse Luna SR1 121\Workspace\rodos\Debug_STM32F4\librodos.a(topic.o)
                0x080022f4                RODOS::Topic<RODOS::GenericMsgRef>::Topic(long, char const*)
                0x080022f4                RODOS::Topic<RODOS::GenericMsgRef>::Topic(long, char const*)
 .text._ZN5RODOS5TopicINS_14NetworkMessageEEC2ElPKc
                0x08002324       0x30 C:\firebolt\branches\firebolt_branch01\Eclipse Luna SR1 121\Workspace\rodos\Debug_STM32F4\librodos.a(topic.o)
                0x08002324                RODOS::Topic<RODOS::NetworkMessage>::Topic(long, char const*)
                0x08002324                RODOS::Topic<RODOS::NetworkMessage>::Topic(long, char const*)
 .text._ZN5RODOS5TopicIPvEC2ElPKc
                0x08002354       0x30 C:\firebolt\branches\firebolt_branch01\Eclipse Luna SR1 121\Workspace\rodos\Debug_STM32F4\librodos.a(topic.o)
                0x08002354                RODOS::Topic<void*>::Topic(long, char const*)
                0x08002354                RODOS::Topic<void*>::Topic(long, char const*)
 .text._Z41__static_initialization_and_destruction_0ii
                0x08002384      0x104 C:\firebolt\branches\firebolt_branch01\Eclipse Luna SR1 121\Workspace\rodos\Debug_STM32F4\librodos.a(topic.o)
 .text._ZN5RODOS5TopicIPvED2Ev
                0x08002488       0x3c C:\firebolt\branches\firebolt_branch01\Eclipse Luna SR1 121\Workspace\rodos\Debug_STM32F4\librodos.a(topic.o)
                0x08002488                RODOS::Topic<void*>::~Topic()
                0x08002488                RODOS::Topic<void*>::~Topic()
 .text._ZN5RODOS5TopicIPvED0Ev
                0x080024c4       0x20 C:\firebolt\branches\firebolt_branch01\Eclipse Luna SR1 121\Workspace\rodos\Debug_STM32F4\librodos.a(topic.o)
                0x080024c4                RODOS::Topic<void*>::~Topic()
 .text._ZN5RODOS5TopicINS_14NetworkMessageEED2Ev
                0x080024e4       0x3c C:\firebolt\branches\firebolt_branch01\Eclipse Luna SR1 121\Workspace\rodos\Debug_STM32F4\librodos.a(topic.o)
                0x080024e4                RODOS::Topic<RODOS::NetworkMessage>::~Topic()
                0x080024e4                RODOS::Topic<RODOS::NetworkMessage>::~Topic()
 .text._ZN5RODOS5TopicINS_14NetworkMessageEED0Ev
                0x08002520       0x20 C:\firebolt\branches\firebolt_branch01\Eclipse Luna SR1 121\Workspace\rodos\Debug_STM32F4\librodos.a(topic.o)
                0x08002520                RODOS::Topic<RODOS::NetworkMessage>::~Topic()
 .text._GLOBAL__sub_I__ZN5RODOS14TopicInterfaceC2EllPKc
                0x08002540       0x10 C:\firebolt\branches\firebolt_branch01\Eclipse Luna SR1 121\Workspace\rodos\Debug_STM32F4\librodos.a(topic.o)
 .text._ZN5RODOS7Yprintf8vaprintfEPKc
                0x08002550      0x4e4 C:\firebolt\branches\firebolt_branch01\Eclipse Luna SR1 121\Workspace\rodos\Debug_STM32F4\librodos.a(yprintf.o)
                0x08002550                RODOS::Yprintf::vaprintf(char const*)
 .text._ZN5RODOS7xprintfEPKcz
                0x08002a34       0x40 C:\firebolt\branches\firebolt_branch01\Eclipse Luna SR1 121\Workspace\rodos\Debug_STM32F4\librodos.a(yprintf.o)
                0x08002a34                RODOS::xprintf(char const*, ...)
 .text.call_constructors
                0x08002a74       0x40 C:\firebolt\branches\firebolt_branch01\Eclipse Luna SR1 121\Workspace\rodos\Debug_STM32F4\librodos.a(call_constructors.o)
                0x08002a74                call_constructors
 .text.__cxa_atexit
                0x08002ab4       0x1c C:\firebolt\branches\firebolt_branch01\Eclipse Luna SR1 121\Workspace\rodos\Debug_STM32F4\librodos.a(call_constructors.o)
                0x08002ab4                __cxa_atexit
 .text.__cxa_pure_virtual
                0x08002ad0        0x8 C:\firebolt\branches\firebolt_branch01\Eclipse Luna SR1 121\Workspace\rodos\Debug_STM32F4\librodos.a(call_constructors.o)
                0x08002ad0                __cxa_pure_virtual
 .text.Reset_Handler
                0x08002ad8       0x6c C:\firebolt\branches\firebolt_branch01\Eclipse Luna SR1 121\Workspace\rodos\Debug_STM32F4\librodos.a(startup_stm32f4xx.o)
                0x08002ad8                Reset_Handler
 .text.Default_Handler
                0x08002b44        0x8 C:\firebolt\branches\firebolt_branch01\Eclipse Luna SR1 121\Workspace\rodos\Debug_STM32F4\librodos.a(startup_stm32f4xx.o)
                0x08002b44                RTC_Alarm_IRQHandler
                0x08002b44                HASH_RNG_IRQHandler
                0x08002b44                TIM8_CC_IRQHandler
                0x08002b44                DebugMon_Handler
                0x08002b44                TIM1_CC_IRQHandler
                0x08002b44                PVD_IRQHandler
                0x08002b44                SDIO_IRQHandler
                0x08002b44                TAMP_STAMP_IRQHandler
                0x08002b44                CAN2_RX1_IRQHandler
                0x08002b44                TIM8_TRG_COM_TIM14_IRQHandler
                0x08002b44                TIM1_UP_TIM10_IRQHandler
                0x08002b44                TIM8_UP_TIM13_IRQHandler
                0x08002b44                I2C3_ER_IRQHandler
                0x08002b44                I2C2_EV_IRQHandler
                0x08002b44                DMA1_Stream2_IRQHandler
                0x08002b44                CAN1_RX0_IRQHandler
                0x08002b44                FPU_IRQHandler
                0x08002b44                OTG_HS_WKUP_IRQHandler
                0x08002b44                CAN2_SCE_IRQHandler
                0x08002b44                DMA2_Stream2_IRQHandler
                0x08002b44                SPI1_IRQHandler
                0x08002b44                TIM6_DAC_IRQHandler
                0x08002b44                TIM1_BRK_TIM9_IRQHandler
                0x08002b44                DCMI_IRQHandler
                0x08002b44                CAN2_RX0_IRQHandler
                0x08002b44                DMA2_Stream3_IRQHandler
                0x08002b44                CRYP_IRQHandler
                0x08002b44                CAN1_RX1_IRQHandler
                0x08002b44                DMA2_Stream0_IRQHandler
                0x08002b44                TIM4_IRQHandler
                0x08002b44                I2C1_EV_IRQHandler
                0x08002b44                TIM3_IRQHandler
                0x08002b44                RCC_IRQHandler
                0x08002b44                TIM8_BRK_TIM12_IRQHandler
                0x08002b44                Default_Handler
                0x08002b44                ADC_IRQHandler
                0x08002b44                DMA1_Stream7_IRQHandler
                0x08002b44                TIM7_IRQHandler
                0x08002b44                CAN2_TX_IRQHandler
                0x08002b44                I2C3_EV_IRQHandler
                0x08002b44                RTC_WKUP_IRQHandler
                0x08002b44                ETH_WKUP_IRQHandler
                0x08002b44                SPI2_IRQHandler
                0x08002b44                OTG_HS_EP1_IN_IRQHandler
                0x08002b44                DMA1_Stream0_IRQHandler
                0x08002b44                CAN1_TX_IRQHandler
                0x08002b44                FSMC_IRQHandler
                0x08002b44                ETH_IRQHandler
                0x08002b44                OTG_HS_EP1_OUT_IRQHandler
                0x08002b44                WWDG_IRQHandler
                0x08002b44                TIM2_IRQHandler
                0x08002b44                OTG_FS_WKUP_IRQHandler
                0x08002b44                OTG_HS_IRQHandler
                0x08002b44                I2C2_ER_IRQHandler
                0x08002b44                DMA2_Stream1_IRQHandler
                0x08002b44                CAN1_SCE_IRQHandler
                0x08002b44                FLASH_IRQHandler
                0x08002b44                DMA2_Stream4_IRQHandler
                0x08002b44                OTG_FS_IRQHandler
                0x08002b44                SPI3_IRQHandler
                0x08002b44                DMA1_Stream4_IRQHandler
                0x08002b44                I2C1_ER_IRQHandler
                0x08002b44                DMA2_Stream6_IRQHandler
 .text._ZnwjPv  0x08002b4c       0x18 C:\firebolt\branches\firebolt_branch01\Eclipse Luna SR1 121\Workspace\rodos\Debug_STM32F4\librodos.a(hal_gpio.o)
                0x08002b4c                operator new(unsigned int, void*)
 .text._ZN5RODOS18GenericIOInterface4initEz
                0x08002b64       0x14 C:\firebolt\branches\firebolt_branch01\Eclipse Luna SR1 121\Workspace\rodos\Debug_STM32F4\librodos.a(hal_gpio.o)
                0x08002b64                RODOS::GenericIOInterface::init(...)
 .text._ZN5RODOS18GenericIOInterface6configEz
                0x08002b78       0x14 C:\firebolt\branches\firebolt_branch01\Eclipse Luna SR1 121\Workspace\rodos\Debug_STM32F4\librodos.a(hal_gpio.o)
                0x08002b78                RODOS::GenericIOInterface::config(...)
 .text._ZN5RODOS18GenericIOInterface6statusEz
                0x08002b8c       0x14 C:\firebolt\branches\firebolt_branch01\Eclipse Luna SR1 121\Workspace\rodos\Debug_STM32F4\librodos.a(hal_gpio.o)
                0x08002b8c                RODOS::GenericIOInterface::status(...)
 .text._ZN5RODOS18GenericIOInterface5writeEz
                0x08002ba0       0x14 C:\firebolt\branches\firebolt_branch01\Eclipse Luna SR1 121\Workspace\rodos\Debug_STM32F4\librodos.a(hal_gpio.o)
                0x08002ba0                RODOS::GenericIOInterface::write(...)
 .text._ZN5RODOS18GenericIOInterface4readEz
                0x08002bb4       0x14 C:\firebolt\branches\firebolt_branch01\Eclipse Luna SR1 121\Workspace\rodos\Debug_STM32F4\librodos.a(hal_gpio.o)
                0x08002bb4                RODOS::GenericIOInterface::read(...)
 .text._ZN5RODOS18GenericIOInterface9writeReadEz
                0x08002bc8       0x14 C:\firebolt\branches\firebolt_branch01\Eclipse Luna SR1 121\Workspace\rodos\Debug_STM32F4\librodos.a(hal_gpio.o)
                0x08002bc8                RODOS::GenericIOInterface::writeRead(...)
 .text._ZN5RODOS8HAL_GPIO15isWriteFinishedEv
                0x08002bdc       0x18 C:\firebolt\branches\firebolt_branch01\Eclipse Luna SR1 121\Workspace\rodos\Debug_STM32F4\librodos.a(hal_gpio.o)
                0x08002bdc                RODOS::HAL_GPIO::isWriteFinished()
 .text._ZN5RODOS8HAL_GPIO14isReadFinishedEv
                0x08002bf4       0x18 C:\firebolt\branches\firebolt_branch01\Eclipse Luna SR1 121\Workspace\rodos\Debug_STM32F4\librodos.a(hal_gpio.o)
                0x08002bf4                RODOS::HAL_GPIO::isReadFinished()
 .text.NVIC_EnableIRQ
                0x08002c0c       0x30 C:\firebolt\branches\firebolt_branch01\Eclipse Luna SR1 121\Workspace\rodos\Debug_STM32F4\librodos.a(hal_gpio.o)
 .text.NVIC_ClearPendingIRQ
                0x08002c3c       0x34 C:\firebolt\branches\firebolt_branch01\Eclipse Luna SR1 121\Workspace\rodos\Debug_STM32F4\librodos.a(hal_gpio.o)
 .text._ZN5RODOS17initEXTInterruptsEv
                0x08002c70       0x54 C:\firebolt\branches\firebolt_branch01\Eclipse Luna SR1 121\Workspace\rodos\Debug_STM32F4\librodos.a(hal_gpio.o)
                0x08002c70                RODOS::initEXTInterrupts()
 .text._ZN5RODOS11HW_HAL_GPIOC2ENS_8GPIO_PINEhb
                0x08002cc4       0x6c C:\firebolt\branches\firebolt_branch01\Eclipse Luna SR1 121\Workspace\rodos\Debug_STM32F4\librodos.a(hal_gpio.o)
                0x08002cc4                RODOS::HW_HAL_GPIO::HW_HAL_GPIO(RODOS::GPIO_PIN, unsigned char, bool)
                0x08002cc4                RODOS::HW_HAL_GPIO::HW_HAL_GPIO(RODOS::GPIO_PIN, unsigned char, bool)
 .text._ZN5RODOS11HW_HAL_GPIO10setPinMaskEv
                0x08002d30       0x74 C:\firebolt\branches\firebolt_branch01\Eclipse Luna SR1 121\Workspace\rodos\Debug_STM32F4\librodos.a(hal_gpio.o)
                0x08002d30                RODOS::HW_HAL_GPIO::setPinMask()
 .text._ZN5RODOS11HW_HAL_GPIO13EXTIRQHandlerEv
                0x08002da4       0x54 C:\firebolt\branches\firebolt_branch01\Eclipse Luna SR1 121\Workspace\rodos\Debug_STM32F4\librodos.a(hal_gpio.o)
                0x08002da4                RODOS::HW_HAL_GPIO::EXTIRQHandler()
 .text._ZN5RODOS11HW_HAL_GPIO17getGPIO_PinSourceEm
                0x08002df8       0x38 C:\firebolt\branches\firebolt_branch01\Eclipse Luna SR1 121\Workspace\rodos\Debug_STM32F4\librodos.a(hal_gpio.o)
                0x08002df8                RODOS::HW_HAL_GPIO::getGPIO_PinSource(unsigned long)
 .text._ZN5RODOS11HW_HAL_GPIO23getRCC_APB1Periph_GPIOxEP12GPIO_TypeDef
                0x08002e30       0xd4 C:\firebolt\branches\firebolt_branch01\Eclipse Luna SR1 121\Workspace\rodos\Debug_STM32F4\librodos.a(hal_gpio.o)
                0x08002e30                RODOS::HW_HAL_GPIO::getRCC_APB1Periph_GPIOx(GPIO_TypeDef*)
 .text._ZN5RODOS11HW_HAL_GPIO12getSTM32PortENS_8GPIO_PINE
                0x08002f04       0xa8 C:\firebolt\branches\firebolt_branch01\Eclipse Luna SR1 121\Workspace\rodos\Debug_STM32F4\librodos.a(hal_gpio.o)
                0x08002f04                RODOS::HW_HAL_GPIO::getSTM32Port(RODOS::GPIO_PIN)
 .text._ZN5RODOS11HW_HAL_GPIO11getSTM32PinENS_8GPIO_PINE
                0x08002fac       0x24 C:\firebolt\branches\firebolt_branch01\Eclipse Luna SR1 121\Workspace\rodos\Debug_STM32F4\librodos.a(hal_gpio.o)
                0x08002fac                RODOS::HW_HAL_GPIO::getSTM32Pin(RODOS::GPIO_PIN)
 .text._ZN5RODOS11HW_HAL_GPIO14configureAFPinENS_8GPIO_PINEh
                0x08002fd0       0xa0 C:\firebolt\branches\firebolt_branch01\Eclipse Luna SR1 121\Workspace\rodos\Debug_STM32F4\librodos.a(hal_gpio.o)
                0x08002fd0                RODOS::HW_HAL_GPIO::configureAFPin(RODOS::GPIO_PIN, unsigned char)
 .text._ZN5RODOS11HW_HAL_GPIO8resetPinENS_8GPIO_PINE
                0x08003070       0x60 C:\firebolt\branches\firebolt_branch01\Eclipse Luna SR1 121\Workspace\rodos\Debug_STM32F4\librodos.a(hal_gpio.o)
                0x08003070                RODOS::HW_HAL_GPIO::resetPin(RODOS::GPIO_PIN)
 .text._ZN5RODOS8HAL_GPIOC2ENS_8GPIO_PINE
                0x080030d0       0x68 C:\firebolt\branches\firebolt_branch01\Eclipse Luna SR1 121\Workspace\rodos\Debug_STM32F4\librodos.a(hal_gpio.o)
                0x080030d0                RODOS::HAL_GPIO::HAL_GPIO(RODOS::GPIO_PIN)
                0x080030d0                RODOS::HAL_GPIO::HAL_GPIO(RODOS::GPIO_PIN)
 .text._ZN5RODOS8HAL_GPIO4initEbmm
                0x08003138       0x90 C:\firebolt\branches\firebolt_branch01\Eclipse Luna SR1 121\Workspace\rodos\Debug_STM32F4\librodos.a(hal_gpio.o)
                0x08003138                RODOS::HAL_GPIO::init(bool, unsigned long, unsigned long)
 .text._ZN5RODOS8HAL_GPIO6configENS_13GPIO_CFG_TYPEEm
                0x080031c8      0x158 C:\firebolt\branches\firebolt_branch01\Eclipse Luna SR1 121\Workspace\rodos\Debug_STM32F4\librodos.a(hal_gpio.o)
                0x080031c8                RODOS::HAL_GPIO::config(RODOS::GPIO_CFG_TYPE, unsigned long)
 .text._ZN5RODOS8HAL_GPIO5resetEv
                0x08003320       0x24 C:\firebolt\branches\firebolt_branch01\Eclipse Luna SR1 121\Workspace\rodos\Debug_STM32F4\librodos.a(hal_gpio.o)
                0x08003320                RODOS::HAL_GPIO::reset()
 .text._ZN5RODOS8HAL_GPIO7setPinsEm
                0x08003344       0x98 C:\firebolt\branches\firebolt_branch01\Eclipse Luna SR1 121\Workspace\rodos\Debug_STM32F4\librodos.a(hal_gpio.o)
                0x08003344                RODOS::HAL_GPIO::setPins(unsigned long)
 .text._ZN5RODOS8HAL_GPIO8readPinsEv
                0x080033dc       0x74 C:\firebolt\branches\firebolt_branch01\Eclipse Luna SR1 121\Workspace\rodos\Debug_STM32F4\librodos.a(hal_gpio.o)
                0x080033dc                RODOS::HAL_GPIO::readPins()
 .text._ZN5RODOS8HAL_GPIO11isDataReadyEv
                0x08003450       0x1c C:\firebolt\branches\firebolt_branch01\Eclipse Luna SR1 121\Workspace\rodos\Debug_STM32F4\librodos.a(hal_gpio.o)
                0x08003450                RODOS::HAL_GPIO::isDataReady()
 .text._ZN5RODOS8HAL_GPIO15interruptEnableEb
                0x0800346c      0x178 C:\firebolt\branches\firebolt_branch01\Eclipse Luna SR1 121\Workspace\rodos\Debug_STM32F4\librodos.a(hal_gpio.o)
                0x0800346c                RODOS::HAL_GPIO::interruptEnable(bool)
 .text.EXTI0_IRQHandler
                0x080035e4       0x24 C:\firebolt\branches\firebolt_branch01\Eclipse Luna SR1 121\Workspace\rodos\Debug_STM32F4\librodos.a(hal_gpio.o)
                0x080035e4                EXTI0_IRQHandler
 .text.EXTI1_IRQHandler
                0x08003608       0x24 C:\firebolt\branches\firebolt_branch01\Eclipse Luna SR1 121\Workspace\rodos\Debug_STM32F4\librodos.a(hal_gpio.o)
                0x08003608                EXTI1_IRQHandler
 .text.EXTI2_IRQHandler
                0x0800362c       0x24 C:\firebolt\branches\firebolt_branch01\Eclipse Luna SR1 121\Workspace\rodos\Debug_STM32F4\librodos.a(hal_gpio.o)
                0x0800362c                EXTI2_IRQHandler
 .text.EXTI3_IRQHandler
                0x08003650       0x24 C:\firebolt\branches\firebolt_branch01\Eclipse Luna SR1 121\Workspace\rodos\Debug_STM32F4\librodos.a(hal_gpio.o)
                0x08003650                EXTI3_IRQHandler
 .text.EXTI4_IRQHandler
                0x08003674       0x24 C:\firebolt\branches\firebolt_branch01\Eclipse Luna SR1 121\Workspace\rodos\Debug_STM32F4\librodos.a(hal_gpio.o)
                0x08003674                EXTI4_IRQHandler
 .text.EXTI9_5_IRQHandler
                0x08003698       0x5c C:\firebolt\branches\firebolt_branch01\Eclipse Luna SR1 121\Workspace\rodos\Debug_STM32F4\librodos.a(hal_gpio.o)
                0x08003698                EXTI9_5_IRQHandler
 .text.EXTI15_10_IRQHandler
                0x080036f4       0x5c C:\firebolt\branches\firebolt_branch01\Eclipse Luna SR1 121\Workspace\rodos\Debug_STM32F4\librodos.a(hal_gpio.o)
                0x080036f4                EXTI15_10_IRQHandler
 .text._ZN5RODOS18GenericIOInterface11isDataReadyEv
                0x08003750       0x18 C:\firebolt\branches\firebolt_branch01\Eclipse Luna SR1 121\Workspace\rodos\Debug_STM32F4\librodos.a(hal_spi.o)
                0x08003750                RODOS::GenericIOInterface::isDataReady()
 .text._ZN5RODOS10HW_HAL_SPIC2Ev
                0x08003768       0x18 C:\firebolt\branches\firebolt_branch01\Eclipse Luna SR1 121\Workspace\rodos\Debug_STM32F4\librodos.a(hal_spi.o)
                0x08003768                RODOS::HW_HAL_SPI::HW_HAL_SPI()
                0x08003768                RODOS::HW_HAL_SPI::HW_HAL_SPI()
 .text._ZN5RODOS10HW_HAL_SPIC2ENS_7SPI_IDXE
                0x08003780       0x6c C:\firebolt\branches\firebolt_branch01\Eclipse Luna SR1 121\Workspace\rodos\Debug_STM32F4\librodos.a(hal_spi.o)
                0x08003780                RODOS::HW_HAL_SPI::HW_HAL_SPI(RODOS::SPI_IDX)
                0x08003780                RODOS::HW_HAL_SPI::HW_HAL_SPI(RODOS::SPI_IDX)
 .text._ZN5RODOS10HW_HAL_SPI11initMembersENS_7SPI_IDXENS_8GPIO_PINES2_S2_
                0x080037ec      0x1b4 C:\firebolt\branches\firebolt_branch01\Eclipse Luna SR1 121\Workspace\rodos\Debug_STM32F4\librodos.a(hal_spi.o)
                0x080037ec                RODOS::HW_HAL_SPI::initMembers(RODOS::SPI_IDX, RODOS::GPIO_PIN, RODOS::GPIO_PIN, RODOS::GPIO_PIN)
 .text._ZN5RODOS10HW_HAL_SPI19waitOnTransferReadyEv
                0x080039a0       0xa0 C:\firebolt\branches\firebolt_branch01\Eclipse Luna SR1 121\Workspace\rodos\Debug_STM32F4\librodos.a(hal_spi.o)
                0x080039a0                RODOS::HW_HAL_SPI::waitOnTransferReady()
 .text._ZN5RODOS10HW_HAL_SPI11setBaudrateEm
                0x08003a40      0x108 C:\firebolt\branches\firebolt_branch01\Eclipse Luna SR1 121\Workspace\rodos\Debug_STM32F4\librodos.a(hal_spi.o)
                0x08003a40                RODOS::HW_HAL_SPI::setBaudrate(unsigned long)
 .text._ZN5RODOS7HAL_SPIC2ENS_7SPI_IDXE
                0x08003b48       0x70 C:\firebolt\branches\firebolt_branch01\Eclipse Luna SR1 121\Workspace\rodos\Debug_STM32F4\librodos.a(hal_spi.o)
                0x08003b48                RODOS::HAL_SPI::HAL_SPI(RODOS::SPI_IDX)
                0x08003b48                RODOS::HAL_SPI::HAL_SPI(RODOS::SPI_IDX)
 .text._ZN5RODOS7HAL_SPI4initEmb
                0x08003bb8      0x374 C:\firebolt\branches\firebolt_branch01\Eclipse Luna SR1 121\Workspace\rodos\Debug_STM32F4\librodos.a(hal_spi.o)
                0x08003bb8                RODOS::HAL_SPI::init(unsigned long, bool)
 .text._ZN5RODOS7HAL_SPI5resetEv
                0x08003f2c      0x170 C:\firebolt\branches\firebolt_branch01\Eclipse Luna SR1 121\Workspace\rodos\Debug_STM32F4\librodos.a(hal_spi.o)
                0x08003f2c                RODOS::HAL_SPI::reset()
 .text._ZN5RODOS7HAL_SPI15isWriteFinishedEv
                0x0800409c       0x18 C:\firebolt\branches\firebolt_branch01\Eclipse Luna SR1 121\Workspace\rodos\Debug_STM32F4\librodos.a(hal_spi.o)
                0x0800409c                RODOS::HAL_SPI::isWriteFinished()
 .text._ZN5RODOS7HAL_SPI14isReadFinishedEv
                0x080040b4       0x18 C:\firebolt\branches\firebolt_branch01\Eclipse Luna SR1 121\Workspace\rodos\Debug_STM32F4\librodos.a(hal_spi.o)
                0x080040b4                RODOS::HAL_SPI::isReadFinished()
 .text._ZN5RODOS7HAL_SPI5writeEPKhm
                0x080040cc      0x12c C:\firebolt\branches\firebolt_branch01\Eclipse Luna SR1 121\Workspace\rodos\Debug_STM32F4\librodos.a(hal_spi.o)
                0x080040cc                RODOS::HAL_SPI::write(unsigned char const*, unsigned long)
 .text._ZN5RODOS7HAL_SPI9writeReadEPKhmPhm
                0x080041f8      0x248 C:\firebolt\branches\firebolt_branch01\Eclipse Luna SR1 121\Workspace\rodos\Debug_STM32F4\librodos.a(hal_spi.o)
                0x080041f8                RODOS::HAL_SPI::writeRead(unsigned char const*, unsigned long, unsigned char*, unsigned long)
 .text._Z41__static_initialization_and_destruction_0ii
                0x08004440       0x3c C:\firebolt\branches\firebolt_branch01\Eclipse Luna SR1 121\Workspace\rodos\Debug_STM32F4\librodos.a(hal_spi.o)
 .text._GLOBAL__sub_I__ZN5RODOS10HW_HAL_SPI17DMA_InitStructureE
                0x0800447c       0x10 C:\firebolt\branches\firebolt_branch01\Eclipse Luna SR1 121\Workspace\rodos\Debug_STM32F4\librodos.a(hal_spi.o)
 .text._ZN5RODOS6Thread4initEv
                0x0800448c       0x14 C:\firebolt\branches\firebolt_branch01\Eclipse Luna SR1 121\Workspace\rodos\Debug_STM32F4\librodos.a(hal_uart.o)
                0x0800448c                RODOS::Thread::init()
 .text._ZN5RODOS18GenericIOInterface14isReadFinishedEv
                0x080044a0       0x18 C:\firebolt\branches\firebolt_branch01\Eclipse Luna SR1 121\Workspace\rodos\Debug_STM32F4\librodos.a(hal_uart.o)
                0x080044a0                RODOS::GenericIOInterface::isReadFinished()
 .text.NVIC_EnableIRQ
                0x080044b8       0x30 C:\firebolt\branches\firebolt_branch01\Eclipse Luna SR1 121\Workspace\rodos\Debug_STM32F4\librodos.a(hal_uart.o)
 .text.NVIC_DisableIRQ
                0x080044e8       0x34 C:\firebolt\branches\firebolt_branch01\Eclipse Luna SR1 121\Workspace\rodos\Debug_STM32F4\librodos.a(hal_uart.o)
 .text.NVIC_ClearPendingIRQ
                0x0800451c       0x34 C:\firebolt\branches\firebolt_branch01\Eclipse Luna SR1 121\Workspace\rodos\Debug_STM32F4\librodos.a(hal_uart.o)
 .text._ZN5RODOS14ReceiveTriggerC2Ev
                0x08004550       0x30 C:\firebolt\branches\firebolt_branch01\Eclipse Luna SR1 121\Workspace\rodos\Debug_STM32F4\librodos.a(hal_uart.o)
                0x08004550                RODOS::ReceiveTrigger::ReceiveTrigger()
                0x08004550                RODOS::ReceiveTrigger::ReceiveTrigger()
 .text._ZN5RODOS11HW_HAL_UARTC2Ev
                0x08004580       0x28 C:\firebolt\branches\firebolt_branch01\Eclipse Luna SR1 121\Workspace\rodos\Debug_STM32F4\librodos.a(hal_uart.o)
                0x08004580                RODOS::HW_HAL_UART::HW_HAL_UART()
                0x08004580                RODOS::HW_HAL_UART::HW_HAL_UART()
 .text._ZN5RODOS14ReceiveTrigger3runEv
                0x080045a8       0xc0 C:\firebolt\branches\firebolt_branch01\Eclipse Luna SR1 121\Workspace\rodos\Debug_STM32F4\librodos.a(hal_uart.o)
                0x080045a8                RODOS::ReceiveTrigger::run()
 .text._ZN5RODOS8HAL_UARTC2ENS_8UART_IDXENS_8GPIO_PINES2_S2_S2_
                0x08004668       0x80 C:\firebolt\branches\firebolt_branch01\Eclipse Luna SR1 121\Workspace\rodos\Debug_STM32F4\librodos.a(hal_uart.o)
                0x08004668                RODOS::HAL_UART::HAL_UART(RODOS::UART_IDX, RODOS::GPIO_PIN, RODOS::GPIO_PIN, RODOS::GPIO_PIN, RODOS::GPIO_PIN)
                0x08004668                RODOS::HAL_UART::HAL_UART(RODOS::UART_IDX, RODOS::GPIO_PIN, RODOS::GPIO_PIN, RODOS::GPIO_PIN, RODOS::GPIO_PIN)
 .text._ZN5RODOS8HAL_UARTC2ENS_8UART_IDXE
                0x080046e8      0x19c C:\firebolt\branches\firebolt_branch01\Eclipse Luna SR1 121\Workspace\rodos\Debug_STM32F4\librodos.a(hal_uart.o)
                0x080046e8                RODOS::HAL_UART::HAL_UART(RODOS::UART_IDX)
                0x080046e8                RODOS::HAL_UART::HAL_UART(RODOS::UART_IDX)
 .text.USART1_IRQHandler
                0x08004884       0x18 C:\firebolt\branches\firebolt_branch01\Eclipse Luna SR1 121\Workspace\rodos\Debug_STM32F4\librodos.a(hal_uart.o)
                0x08004884                USART1_IRQHandler
 .text.USART2_IRQHandler
                0x0800489c       0x18 C:\firebolt\branches\firebolt_branch01\Eclipse Luna SR1 121\Workspace\rodos\Debug_STM32F4\librodos.a(hal_uart.o)
                0x0800489c                USART2_IRQHandler
 .text.USART3_IRQHandler
                0x080048b4       0x18 C:\firebolt\branches\firebolt_branch01\Eclipse Luna SR1 121\Workspace\rodos\Debug_STM32F4\librodos.a(hal_uart.o)
                0x080048b4                USART3_IRQHandler
 .text.UART4_IRQHandler
                0x080048cc       0x18 C:\firebolt\branches\firebolt_branch01\Eclipse Luna SR1 121\Workspace\rodos\Debug_STM32F4\librodos.a(hal_uart.o)
                0x080048cc                UART4_IRQHandler
 .text.UART5_IRQHandler
                0x080048e4       0x18 C:\firebolt\branches\firebolt_branch01\Eclipse Luna SR1 121\Workspace\rodos\Debug_STM32F4\librodos.a(hal_uart.o)
                0x080048e4                UART5_IRQHandler
 .text.USART6_IRQHandler
                0x080048fc       0x18 C:\firebolt\branches\firebolt_branch01\Eclipse Luna SR1 121\Workspace\rodos\Debug_STM32F4\librodos.a(hal_uart.o)
                0x080048fc                USART6_IRQHandler
 .text.DMA2_Stream7_IRQHandler
                0x08004914       0x48 C:\firebolt\branches\firebolt_branch01\Eclipse Luna SR1 121\Workspace\rodos\Debug_STM32F4\librodos.a(hal_uart.o)
                0x08004914                DMA2_Stream7_IRQHandler
 .text.DMA1_Stream6_IRQHandler
                0x0800495c       0x48 C:\firebolt\branches\firebolt_branch01\Eclipse Luna SR1 121\Workspace\rodos\Debug_STM32F4\librodos.a(hal_uart.o)
                0x0800495c                DMA1_Stream6_IRQHandler
 .text.DMA1_Stream3_IRQHandler
                0x080049a4       0x48 C:\firebolt\branches\firebolt_branch01\Eclipse Luna SR1 121\Workspace\rodos\Debug_STM32F4\librodos.a(hal_uart.o)
                0x080049a4                DMA1_Stream3_IRQHandler
 .text.DMA2_Stream5_IRQHandler
                0x080049ec       0x48 C:\firebolt\branches\firebolt_branch01\Eclipse Luna SR1 121\Workspace\rodos\Debug_STM32F4\librodos.a(hal_uart.o)
                0x080049ec                DMA2_Stream5_IRQHandler
 .text.DMA1_Stream5_IRQHandler
                0x08004a34       0x48 C:\firebolt\branches\firebolt_branch01\Eclipse Luna SR1 121\Workspace\rodos\Debug_STM32F4\librodos.a(hal_uart.o)
                0x08004a34                DMA1_Stream5_IRQHandler
 .text.DMA1_Stream1_IRQHandler
                0x08004a7c       0x48 C:\firebolt\branches\firebolt_branch01\Eclipse Luna SR1 121\Workspace\rodos\Debug_STM32F4\librodos.a(hal_uart.o)
                0x08004a7c                DMA1_Stream1_IRQHandler
 .text._ZN5RODOS8HAL_UART4initEj
                0x08004ac4       0x3c C:\firebolt\branches\firebolt_branch01\Eclipse Luna SR1 121\Workspace\rodos\Debug_STM32F4\librodos.a(hal_uart.o)
                0x08004ac4                RODOS::HAL_UART::init(unsigned int)
 .text._ZN5RODOS8HAL_UART6configENS_19UART_PARAMETER_TYPEEi
                0x08004b00      0x1d0 C:\firebolt\branches\firebolt_branch01\Eclipse Luna SR1 121\Workspace\rodos\Debug_STM32F4\librodos.a(hal_uart.o)
                0x08004b00                RODOS::HAL_UART::config(RODOS::UART_PARAMETER_TYPE, int)
 .text._ZN5RODOS8HAL_UART5resetEv
                0x08004cd0       0xc8 C:\firebolt\branches\firebolt_branch01\Eclipse Luna SR1 121\Workspace\rodos\Debug_STM32F4\librodos.a(hal_uart.o)
                0x08004cd0                RODOS::HAL_UART::reset()
 .text._ZN5RODOS8HAL_UART4readEPci
                0x08004d98       0xdc C:\firebolt\branches\firebolt_branch01\Eclipse Luna SR1 121\Workspace\rodos\Debug_STM32F4\librodos.a(hal_uart.o)
                0x08004d98                RODOS::HAL_UART::read(char*, int)
 .text._ZN5RODOS8HAL_UART5writeEPKci
                0x08004e74       0xf0 C:\firebolt\branches\firebolt_branch01\Eclipse Luna SR1 121\Workspace\rodos\Debug_STM32F4\librodos.a(hal_uart.o)
                0x08004e74                RODOS::HAL_UART::write(char const*, int)
 .text._ZN5RODOS8HAL_UART13getcharNoWaitEv
                0x08004f64       0x88 C:\firebolt\branches\firebolt_branch01\Eclipse Luna SR1 121\Workspace\rodos\Debug_STM32F4\librodos.a(hal_uart.o)
                0x08004f64                RODOS::HAL_UART::getcharNoWait()
 .text._ZN5RODOS8HAL_UART13putcharNoWaitEc
                0x08004fec       0xa8 C:\firebolt\branches\firebolt_branch01\Eclipse Luna SR1 121\Workspace\rodos\Debug_STM32F4\librodos.a(hal_uart.o)
                0x08004fec                RODOS::HAL_UART::putcharNoWait(char)
 .text._ZN5RODOS8HAL_UART6statusENS_16UART_STATUS_TYPEE
                0x08005094       0x64 C:\firebolt\branches\firebolt_branch01\Eclipse Luna SR1 121\Workspace\rodos\Debug_STM32F4\librodos.a(hal_uart.o)
                0x08005094                RODOS::HAL_UART::status(RODOS::UART_STATUS_TYPE)
 .text._ZN5RODOS8HAL_UART15isWriteFinishedEv
                0x080050f8       0x58 C:\firebolt\branches\firebolt_branch01\Eclipse Luna SR1 121\Workspace\rodos\Debug_STM32F4\librodos.a(hal_uart.o)
                0x080050f8                RODOS::HAL_UART::isWriteFinished()
 .text._ZN5RODOS8HAL_UART11isDataReadyEv
                0x08005150       0x3c C:\firebolt\branches\firebolt_branch01\Eclipse Luna SR1 121\Workspace\rodos\Debug_STM32F4\librodos.a(hal_uart.o)
                0x08005150                RODOS::HAL_UART::isDataReady()
 .text._ZN5RODOS11HW_HAL_UART11initMembersEPNS_8HAL_UARTENS_8UART_IDXENS_8GPIO_PINES4_S4_S4_
                0x0800518c       0x6c C:\firebolt\branches\firebolt_branch01\Eclipse Luna SR1 121\Workspace\rodos\Debug_STM32F4\librodos.a(hal_uart.o)
                0x0800518c                RODOS::HW_HAL_UART::initMembers(RODOS::HAL_UART*, RODOS::UART_IDX, RODOS::GPIO_PIN, RODOS::GPIO_PIN, RODOS::GPIO_PIN, RODOS::GPIO_PIN)
 .text._ZN5RODOS11HW_HAL_UART12DMAConfigureEv
                0x080051f8      0x18c C:\firebolt\branches\firebolt_branch01\Eclipse Luna SR1 121\Workspace\rodos\Debug_STM32F4\librodos.a(hal_uart.o)
                0x080051f8                RODOS::HW_HAL_UART::DMAConfigure()
 .text._ZN5RODOS11HW_HAL_UART16DMAStartTransferEPvi
                0x08005384       0x54 C:\firebolt\branches\firebolt_branch01\Eclipse Luna SR1 121\Workspace\rodos\Debug_STM32F4\librodos.a(hal_uart.o)
                0x08005384                RODOS::HW_HAL_UART::DMAStartTransfer(void*, int)
 .text._ZN5RODOS11HW_HAL_UART15DMAStartReceiveEPvi
                0x080053d8       0x6c C:\firebolt\branches\firebolt_branch01\Eclipse Luna SR1 121\Workspace\rodos\Debug_STM32F4\librodos.a(hal_uart.o)
                0x080053d8                RODOS::HW_HAL_UART::DMAStartReceive(void*, int)
 .text._ZN5RODOS11HW_HAL_UART26DMATransmitFinishedHandlerEv
                0x08005444       0x88 C:\firebolt\branches\firebolt_branch01\Eclipse Luna SR1 121\Workspace\rodos\Debug_STM32F4\librodos.a(hal_uart.o)
                0x08005444                RODOS::HW_HAL_UART::DMATransmitFinishedHandler()
 .text._ZN5RODOS11HW_HAL_UART25DMAReceiveFinishedHandlerEv
                0x080054cc       0x6c C:\firebolt\branches\firebolt_branch01\Eclipse Luna SR1 121\Workspace\rodos\Debug_STM32F4\librodos.a(hal_uart.o)
                0x080054cc                RODOS::HW_HAL_UART::DMAReceiveFinishedHandler()
 .text._ZN5RODOS11HW_HAL_UART16SendTxBufWithDMAEv
                0x08005538       0x44 C:\firebolt\branches\firebolt_branch01\Eclipse Luna SR1 121\Workspace\rodos\Debug_STM32F4\librodos.a(hal_uart.o)
                0x08005538                RODOS::HW_HAL_UART::SendTxBufWithDMA()
 .text._ZN5RODOS11HW_HAL_UART22RceiveIntoRxBufWithDMAEv
                0x0800557c       0x68 C:\firebolt\branches\firebolt_branch01\Eclipse Luna SR1 121\Workspace\rodos\Debug_STM32F4\librodos.a(hal_uart.o)
                0x0800557c                RODOS::HW_HAL_UART::RceiveIntoRxBufWithDMA()
 .text._ZN5RODOS14EnableDMAClockEv
                0x080055e4       0x34 C:\firebolt\branches\firebolt_branch01\Eclipse Luna SR1 121\Workspace\rodos\Debug_STM32F4\librodos.a(hal_uart.o)
                0x080055e4                RODOS::EnableDMAClock()
 .text._ZN5RODOS11HW_HAL_UART14UARTIRQHandlerEv
                0x08005618      0x194 C:\firebolt\branches\firebolt_branch01\Eclipse Luna SR1 121\Workspace\rodos\Debug_STM32F4\librodos.a(hal_uart.o)
                0x08005618                RODOS::HW_HAL_UART::UARTIRQHandler()
 .text._ZN5RODOS11HW_HAL_UART23getRCC_APBxPeriph_UARTxEv
                0x080057ac       0x74 C:\firebolt\branches\firebolt_branch01\Eclipse Luna SR1 121\Workspace\rodos\Debug_STM32F4\librodos.a(hal_uart.o)
                0x080057ac                RODOS::HW_HAL_UART::getRCC_APBxPeriph_UARTx()
 .text._ZN5RODOS11HW_HAL_UART16getGPIO_AF_UARTxEv
                0x08005820       0x68 C:\firebolt\branches\firebolt_branch01\Eclipse Luna SR1 121\Workspace\rodos\Debug_STM32F4\librodos.a(hal_uart.o)
                0x08005820                RODOS::HW_HAL_UART::getGPIO_AF_UARTx()
 .text._ZN5RODOS11HW_HAL_UART13getUARTx_IRQnEv
                0x08005888       0x58 C:\firebolt\branches\firebolt_branch01\Eclipse Luna SR1 121\Workspace\rodos\Debug_STM32F4\librodos.a(hal_uart.o)
                0x08005888                RODOS::HW_HAL_UART::getUARTx_IRQn()
 .text._ZN5RODOS11HW_HAL_UART8getUARTxEv
                0x080058e0       0x88 C:\firebolt\branches\firebolt_branch01\Eclipse Luna SR1 121\Workspace\rodos\Debug_STM32F4\librodos.a(hal_uart.o)
                0x080058e0                RODOS::HW_HAL_UART::getUARTx()
 .text._ZN5RODOS11HW_HAL_UART4initEj
                0x08005968       0xf0 C:\firebolt\branches\firebolt_branch01\Eclipse Luna SR1 121\Workspace\rodos\Debug_STM32F4\librodos.a(hal_uart.o)
                0x08005968                RODOS::HW_HAL_UART::init(unsigned int)
 .text._ZN5RODOS4FifoIhLi256EED2Ev
                0x08005a58       0x30 C:\firebolt\branches\firebolt_branch01\Eclipse Luna SR1 121\Workspace\rodos\Debug_STM32F4\librodos.a(hal_uart.o)
                0x08005a58                RODOS::Fifo<unsigned char, 256>::~Fifo()
                0x08005a58                RODOS::Fifo<unsigned char, 256>::~Fifo()
 .text._ZN5RODOS4FifoIhLi256EED0Ev
                0x08005a88       0x20 C:\firebolt\branches\firebolt_branch01\Eclipse Luna SR1 121\Workspace\rodos\Debug_STM32F4\librodos.a(hal_uart.o)
                0x08005a88                RODOS::Fifo<unsigned char, 256>::~Fifo()
 .text._ZN5RODOS9BlockFifoIhLi256EEC2Ev
                0x08005aa8       0x24 C:\firebolt\branches\firebolt_branch01\Eclipse Luna SR1 121\Workspace\rodos\Debug_STM32F4\librodos.a(hal_uart.o)
                0x08005aa8                RODOS::BlockFifo<unsigned char, 256>::BlockFifo()
                0x08005aa8                RODOS::BlockFifo<unsigned char, 256>::BlockFifo()
 .text._ZN5RODOS9BlockFifoIhLi256EE15getBufferToReadERi
                0x08005acc       0x60 C:\firebolt\branches\firebolt_branch01\Eclipse Luna SR1 121\Workspace\rodos\Debug_STM32F4\librodos.a(hal_uart.o)
                0x08005acc                RODOS::BlockFifo<unsigned char, 256>::getBufferToRead(int&)
 .text._ZN5RODOS9BlockFifoIhLi256EE13readConcludedEi
                0x08005b2c       0x28 C:\firebolt\branches\firebolt_branch01\Eclipse Luna SR1 121\Workspace\rodos\Debug_STM32F4\librodos.a(hal_uart.o)
                0x08005b2c                RODOS::BlockFifo<unsigned char, 256>::readConcluded(int)
 .text._ZN5RODOS9BlockFifoIhLi256EE16getBufferToWriteERi
                0x08005b54       0x80 C:\firebolt\branches\firebolt_branch01\Eclipse Luna SR1 121\Workspace\rodos\Debug_STM32F4\librodos.a(hal_uart.o)
                0x08005b54                RODOS::BlockFifo<unsigned char, 256>::getBufferToWrite(int&)
 .text._ZN5RODOS9BlockFifoIhLi256EE14writeConcludedEi
                0x08005bd4       0x28 C:\firebolt\branches\firebolt_branch01\Eclipse Luna SR1 121\Workspace\rodos\Debug_STM32F4\librodos.a(hal_uart.o)
                0x08005bd4                RODOS::BlockFifo<unsigned char, 256>::writeConcluded(int)
 .text._ZN5RODOS4FifoIhLi256EE3getERh
                0x08005bfc       0x58 C:\firebolt\branches\firebolt_branch01\Eclipse Luna SR1 121\Workspace\rodos\Debug_STM32F4\librodos.a(hal_uart.o)
                0x08005bfc                RODOS::Fifo<unsigned char, 256>::get(unsigned char&)
 .text._ZN5RODOS4FifoIhLi256EE3putERKh
                0x08005c54       0x58 C:\firebolt\branches\firebolt_branch01\Eclipse Luna SR1 121\Workspace\rodos\Debug_STM32F4\librodos.a(hal_uart.o)
                0x08005c54                RODOS::Fifo<unsigned char, 256>::put(unsigned char const&)
 .text._ZN5RODOS4FifoIhLi256EE15getElementCountEv
                0x08005cac       0x40 C:\firebolt\branches\firebolt_branch01\Eclipse Luna SR1 121\Workspace\rodos\Debug_STM32F4\librodos.a(hal_uart.o)
                0x08005cac                RODOS::Fifo<unsigned char, 256>::getElementCount()
 .text._ZN5RODOS4FifoIhLi256EE7isEmptyEv
                0x08005cec       0x2c C:\firebolt\branches\firebolt_branch01\Eclipse Luna SR1 121\Workspace\rodos\Debug_STM32F4\librodos.a(hal_uart.o)
                0x08005cec                RODOS::Fifo<unsigned char, 256>::isEmpty()
 .text._ZN5RODOS4FifoIhLi256EEC2Ev
                0x08005d18       0x34 C:\firebolt\branches\firebolt_branch01\Eclipse Luna SR1 121\Workspace\rodos\Debug_STM32F4\librodos.a(hal_uart.o)
                0x08005d18                RODOS::Fifo<unsigned char, 256>::Fifo()
                0x08005d18                RODOS::Fifo<unsigned char, 256>::Fifo()
 .text._ZN5RODOS9BlockFifoIhLi256EE14advanceIndexExEii
                0x08005d4c       0x34 C:\firebolt\branches\firebolt_branch01\Eclipse Luna SR1 121\Workspace\rodos\Debug_STM32F4\librodos.a(hal_uart.o)
                0x08005d4c                RODOS::BlockFifo<unsigned char, 256>::advanceIndexEx(int, int)
 .text._ZN5RODOS4FifoIhLi256EE12advanceIndexEi
                0x08005d80       0x24 C:\firebolt\branches\firebolt_branch01\Eclipse Luna SR1 121\Workspace\rodos\Debug_STM32F4\librodos.a(hal_uart.o)
                0x08005d80                RODOS::Fifo<unsigned char, 256>::advanceIndex(int)
 .text._ZN5RODOS9BlockFifoIhLi256EED2Ev
                0x08005da4       0x30 C:\firebolt\branches\firebolt_branch01\Eclipse Luna SR1 121\Workspace\rodos\Debug_STM32F4\librodos.a(hal_uart.o)
                0x08005da4                RODOS::BlockFifo<unsigned char, 256>::~BlockFifo()
                0x08005da4                RODOS::BlockFifo<unsigned char, 256>::~BlockFifo()
 .text._ZN5RODOS9BlockFifoIhLi256EED0Ev
                0x08005dd4       0x20 C:\firebolt\branches\firebolt_branch01\Eclipse Luna SR1 121\Workspace\rodos\Debug_STM32F4\librodos.a(hal_uart.o)
                0x08005dd4                RODOS::BlockFifo<unsigned char, 256>::~BlockFifo()
 .text._ZN5RODOS14ReceiveTriggerD2Ev
                0x08005df4       0x30 C:\firebolt\branches\firebolt_branch01\Eclipse Luna SR1 121\Workspace\rodos\Debug_STM32F4\librodos.a(hal_uart.o)
                0x08005df4                RODOS::ReceiveTrigger::~ReceiveTrigger()
                0x08005df4                RODOS::ReceiveTrigger::~ReceiveTrigger()
 .text._ZN5RODOS14ReceiveTriggerD0Ev
                0x08005e24       0x20 C:\firebolt\branches\firebolt_branch01\Eclipse Luna SR1 121\Workspace\rodos\Debug_STM32F4\librodos.a(hal_uart.o)
                0x08005e24                RODOS::ReceiveTrigger::~ReceiveTrigger()
 .text._ZN5RODOS11HW_HAL_UARTD2Ev
                0x08005e44       0x28 C:\firebolt\branches\firebolt_branch01\Eclipse Luna SR1 121\Workspace\rodos\Debug_STM32F4\librodos.a(hal_uart.o)
                0x08005e44                RODOS::HW_HAL_UART::~HW_HAL_UART()
                0x08005e44                RODOS::HW_HAL_UART::~HW_HAL_UART()
 .text.__tcf_0  0x08005e6c       0x2c C:\firebolt\branches\firebolt_branch01\Eclipse Luna SR1 121\Workspace\rodos\Debug_STM32F4\librodos.a(hal_uart.o)
 .text._Z41__static_initialization_and_destruction_0ii
                0x08005e98       0x68 C:\firebolt\branches\firebolt_branch01\Eclipse Luna SR1 121\Workspace\rodos\Debug_STM32F4\librodos.a(hal_uart.o)
 .text._ZN5RODOS4FifoIhLi256EE10putGenericEljPKvRKNS_10NetMsgInfoE
                0x08005f00       0x34 C:\firebolt\branches\firebolt_branch01\Eclipse Luna SR1 121\Workspace\rodos\Debug_STM32F4\librodos.a(hal_uart.o)
                0x08005f00                RODOS::Fifo<unsigned char, 256>::putGeneric(long, unsigned int, void const*, RODOS::NetMsgInfo const&)
 .text._GLOBAL__sub_I__ZN5RODOS17UART_contextArrayE
                0x08005f34       0x10 C:\firebolt\branches\firebolt_branch01\Eclipse Luna SR1 121\Workspace\rodos\Debug_STM32F4\librodos.a(hal_uart.o)
 .text.DMA_Init
                0x08005f44       0xac C:\firebolt\branches\firebolt_branch01\Eclipse Luna SR1 121\Workspace\rodos\Debug_STM32F4\librodos.a(stm32f4xx_dma.o)
                0x08005f44                DMA_Init
 .text.DMA_StructInit
                0x08005ff0       0x6c C:\firebolt\branches\firebolt_branch01\Eclipse Luna SR1 121\Workspace\rodos\Debug_STM32F4\librodos.a(stm32f4xx_dma.o)
                0x08005ff0                DMA_StructInit
 .text.DMA_Cmd  0x0800605c       0x38 C:\firebolt\branches\firebolt_branch01\Eclipse Luna SR1 121\Workspace\rodos\Debug_STM32F4\librodos.a(stm32f4xx_dma.o)
                0x0800605c                DMA_Cmd
 .text.DMA_GetCurrDataCounter
                0x08006094       0x1c C:\firebolt\branches\firebolt_branch01\Eclipse Luna SR1 121\Workspace\rodos\Debug_STM32F4\librodos.a(stm32f4xx_dma.o)
                0x08006094                DMA_GetCurrDataCounter
 .text.DMA_GetCmdStatus
                0x080060b0       0x30 C:\firebolt\branches\firebolt_branch01\Eclipse Luna SR1 121\Workspace\rodos\Debug_STM32F4\librodos.a(stm32f4xx_dma.o)
                0x080060b0                DMA_GetCmdStatus
 .text.DMA_GetFlagStatus
                0x080060e0       0x78 C:\firebolt\branches\firebolt_branch01\Eclipse Luna SR1 121\Workspace\rodos\Debug_STM32F4\librodos.a(stm32f4xx_dma.o)
                0x080060e0                DMA_GetFlagStatus
 .text.DMA_ClearFlag
                0x08006158       0x5c C:\firebolt\branches\firebolt_branch01\Eclipse Luna SR1 121\Workspace\rodos\Debug_STM32F4\librodos.a(stm32f4xx_dma.o)
                0x08006158                DMA_ClearFlag
 .text.DMA_ITConfig
                0x080061b4       0x74 C:\firebolt\branches\firebolt_branch01\Eclipse Luna SR1 121\Workspace\rodos\Debug_STM32F4\librodos.a(stm32f4xx_dma.o)
                0x080061b4                DMA_ITConfig
 .text.DMA_GetITStatus
                0x08006228       0xb0 C:\firebolt\branches\firebolt_branch01\Eclipse Luna SR1 121\Workspace\rodos\Debug_STM32F4\librodos.a(stm32f4xx_dma.o)
                0x08006228                DMA_GetITStatus
 .text.DMA_ClearITPendingBit
                0x080062d8       0x5c C:\firebolt\branches\firebolt_branch01\Eclipse Luna SR1 121\Workspace\rodos\Debug_STM32F4\librodos.a(stm32f4xx_dma.o)
                0x080062d8                DMA_ClearITPendingBit
 .text.GPIO_Init
                0x08006334      0x11c C:\firebolt\branches\firebolt_branch01\Eclipse Luna SR1 121\Workspace\rodos\Debug_STM32F4\librodos.a(stm32f4xx_gpio.o)
                0x08006334                GPIO_Init
 .text.GPIO_StructInit
                0x08006450       0x34 C:\firebolt\branches\firebolt_branch01\Eclipse Luna SR1 121\Workspace\rodos\Debug_STM32F4\librodos.a(stm32f4xx_gpio.o)
                0x08006450                GPIO_StructInit
 .text.GPIO_ReadInputData
                0x08006484       0x1c C:\firebolt\branches\firebolt_branch01\Eclipse Luna SR1 121\Workspace\rodos\Debug_STM32F4\librodos.a(stm32f4xx_gpio.o)
                0x08006484                GPIO_ReadInputData
 .text.GPIO_ReadOutputData
                0x080064a0       0x1c C:\firebolt\branches\firebolt_branch01\Eclipse Luna SR1 121\Workspace\rodos\Debug_STM32F4\librodos.a(stm32f4xx_gpio.o)
                0x080064a0                GPIO_ReadOutputData
 .text.GPIO_Write
                0x080064bc       0x1c C:\firebolt\branches\firebolt_branch01\Eclipse Luna SR1 121\Workspace\rodos\Debug_STM32F4\librodos.a(stm32f4xx_gpio.o)
                0x080064bc                GPIO_Write
 .text.GPIO_PinAFConfig
                0x080064d8       0x8c C:\firebolt\branches\firebolt_branch01\Eclipse Luna SR1 121\Workspace\rodos\Debug_STM32F4\librodos.a(stm32f4xx_gpio.o)
                0x080064d8                GPIO_PinAFConfig
 .text.RCC_LSICmd
                0x08006564       0x20 C:\firebolt\branches\firebolt_branch01\Eclipse Luna SR1 121\Workspace\rodos\Debug_STM32F4\librodos.a(stm32f4xx_rcc.o)
                0x08006564                RCC_LSICmd
 .text.RCC_GetClocksFreq
                0x08006584      0x154 C:\firebolt\branches\firebolt_branch01\Eclipse Luna SR1 121\Workspace\rodos\Debug_STM32F4\librodos.a(stm32f4xx_rcc.o)
                0x08006584                RCC_GetClocksFreq
 .text.RCC_AHB1PeriphClockCmd
                0x080066d8       0x3c C:\firebolt\branches\firebolt_branch01\Eclipse Luna SR1 121\Workspace\rodos\Debug_STM32F4\librodos.a(stm32f4xx_rcc.o)
                0x080066d8                RCC_AHB1PeriphClockCmd
 .text.RCC_APB1PeriphClockCmd
                0x08006714       0x3c C:\firebolt\branches\firebolt_branch01\Eclipse Luna SR1 121\Workspace\rodos\Debug_STM32F4\librodos.a(stm32f4xx_rcc.o)
                0x08006714                RCC_APB1PeriphClockCmd
 .text.RCC_APB2PeriphClockCmd
                0x08006750       0x3c C:\firebolt\branches\firebolt_branch01\Eclipse Luna SR1 121\Workspace\rodos\Debug_STM32F4\librodos.a(stm32f4xx_rcc.o)
                0x08006750                RCC_APB2PeriphClockCmd
 .text.RCC_AHB1PeriphResetCmd
                0x0800678c       0x3c C:\firebolt\branches\firebolt_branch01\Eclipse Luna SR1 121\Workspace\rodos\Debug_STM32F4\librodos.a(stm32f4xx_rcc.o)
                0x0800678c                RCC_AHB1PeriphResetCmd
 .text.RCC_APB1PeriphResetCmd
                0x080067c8       0x3c C:\firebolt\branches\firebolt_branch01\Eclipse Luna SR1 121\Workspace\rodos\Debug_STM32F4\librodos.a(stm32f4xx_rcc.o)
                0x080067c8                RCC_APB1PeriphResetCmd
 .text.RCC_APB2PeriphResetCmd
                0x08006804       0x3c C:\firebolt\branches\firebolt_branch01\Eclipse Luna SR1 121\Workspace\rodos\Debug_STM32F4\librodos.a(stm32f4xx_rcc.o)
                0x08006804                RCC_APB2PeriphResetCmd
 .text.RCC_GetFlagStatus
                0x08006840       0x74 C:\firebolt\branches\firebolt_branch01\Eclipse Luna SR1 121\Workspace\rodos\Debug_STM32F4\librodos.a(stm32f4xx_rcc.o)
                0x08006840                RCC_GetFlagStatus
 .text.SPI_Init
                0x080068b4       0x88 C:\firebolt\branches\firebolt_branch01\Eclipse Luna SR1 121\Workspace\rodos\Debug_STM32F4\librodos.a(stm32f4xx_spi.o)
                0x080068b4                SPI_Init
 .text.SPI_Cmd  0x0800693c       0x40 C:\firebolt\branches\firebolt_branch01\Eclipse Luna SR1 121\Workspace\rodos\Debug_STM32F4\librodos.a(stm32f4xx_spi.o)
                0x0800693c                SPI_Cmd
 .text.SPI_I2S_DMACmd
                0x0800697c       0x48 C:\firebolt\branches\firebolt_branch01\Eclipse Luna SR1 121\Workspace\rodos\Debug_STM32F4\librodos.a(stm32f4xx_spi.o)
                0x0800697c                SPI_I2S_DMACmd
 .text.SYSCFG_EXTILineConfig
                0x080069c4       0x7c C:\firebolt\branches\firebolt_branch01\Eclipse Luna SR1 121\Workspace\rodos\Debug_STM32F4\librodos.a(stm32f4xx_syscfg.o)
                0x080069c4                SYSCFG_EXTILineConfig
 .text.USART_DeInit
                0x08006a40      0x114 C:\firebolt\branches\firebolt_branch01\Eclipse Luna SR1 121\Workspace\rodos\Debug_STM32F4\librodos.a(stm32f4xx_usart.o)
                0x08006a40                USART_DeInit
 .text.USART_Init
                0x08006b54      0x174 C:\firebolt\branches\firebolt_branch01\Eclipse Luna SR1 121\Workspace\rodos\Debug_STM32F4\librodos.a(stm32f4xx_usart.o)
                0x08006b54                USART_Init
 .text.USART_StructInit
                0x08006cc8       0x38 C:\firebolt\branches\firebolt_branch01\Eclipse Luna SR1 121\Workspace\rodos\Debug_STM32F4\librodos.a(stm32f4xx_usart.o)
                0x08006cc8                USART_StructInit
 .text.USART_Cmd
                0x08006d00       0x40 C:\firebolt\branches\firebolt_branch01\Eclipse Luna SR1 121\Workspace\rodos\Debug_STM32F4\librodos.a(stm32f4xx_usart.o)
                0x08006d00                USART_Cmd
 .text.USART_ReceiveData
                0x08006d40       0x20 C:\firebolt\branches\firebolt_branch01\Eclipse Luna SR1 121\Workspace\rodos\Debug_STM32F4\librodos.a(stm32f4xx_usart.o)
                0x08006d40                USART_ReceiveData
 .text.USART_DMACmd
                0x08006d60       0x48 C:\firebolt\branches\firebolt_branch01\Eclipse Luna SR1 121\Workspace\rodos\Debug_STM32F4\librodos.a(stm32f4xx_usart.o)
                0x08006d60                USART_DMACmd
 .text.USART_ITConfig
                0x08006da8       0x90 C:\firebolt\branches\firebolt_branch01\Eclipse Luna SR1 121\Workspace\rodos\Debug_STM32F4\librodos.a(stm32f4xx_usart.o)
                0x08006da8                USART_ITConfig
 .text.USART_GetFlagStatus
                0x08006e38       0x38 C:\firebolt\branches\firebolt_branch01\Eclipse Luna SR1 121\Workspace\rodos\Debug_STM32F4\librodos.a(stm32f4xx_usart.o)
                0x08006e38                USART_GetFlagStatus
 .text.USART_GetITStatus
                0x08006e70       0xb0 C:\firebolt\branches\firebolt_branch01\Eclipse Luna SR1 121\Workspace\rodos\Debug_STM32F4\librodos.a(stm32f4xx_usart.o)
                0x08006e70                USART_GetITStatus
 .text.NVIC_SetPriority
                0x08006f20       0x54 C:\firebolt\branches\firebolt_branch01\Eclipse Luna SR1 121\Workspace\rodos\Debug_STM32F4\librodos.a(hw_specific.o)
 .text._ZN5RODOS6hwInitEv
                0x08006f74       0x80 C:\firebolt\branches\firebolt_branch01\Eclipse Luna SR1 121\Workspace\rodos\Debug_STM32F4\librodos.a(hw_specific.o)
                0x08006f74                RODOS::hwInit()
 .text._ZN5RODOS19hwDisableInterruptsEv
                0x08006ff4       0x10 C:\firebolt\branches\firebolt_branch01\Eclipse Luna SR1 121\Workspace\rodos\Debug_STM32F4\librodos.a(hw_specific.o)
                0x08006ff4                RODOS::hwDisableInterrupts()
 .text._ZN5RODOS18hwEnableInterruptsEv
                0x08007004       0x10 C:\firebolt\branches\firebolt_branch01\Eclipse Luna SR1 121\Workspace\rodos\Debug_STM32F4\librodos.a(hw_specific.o)
                0x08007004                RODOS::hwEnableInterrupts()
 .text._ZN5RODOS13hwInitContextEPlPv
                0x08007014       0x64 C:\firebolt\branches\firebolt_branch01\Eclipse Luna SR1 121\Workspace\rodos\Debug_STM32F4\librodos.a(hw_specific.o)
                0x08007014                RODOS::hwInitContext(long*, void*)
 .text._ZN5RODOS15startIdleThreadEv
                0x08007078       0x14 C:\firebolt\branches\firebolt_branch01\Eclipse Luna SR1 121\Workspace\rodos\Debug_STM32F4\librodos.a(hw_specific.o)
                0x08007078                RODOS::startIdleThread()
 .text.SVC_Handler
                0x0800708c       0x14 C:\firebolt\branches\firebolt_branch01\Eclipse Luna SR1 121\Workspace\rodos\Debug_STM32F4\librodos.a(hw_specific.o)
                0x0800708c                SVC_Handler
 .text.PendSV_Handler
                0x080070a0       0x38 C:\firebolt\branches\firebolt_branch01\Eclipse Luna SR1 121\Workspace\rodos\Debug_STM32F4\librodos.a(hw_specific.o)
                0x080070a0                PendSV_Handler
 .text.__asmSwitchToContext
                0x080070d8       0x1c C:\firebolt\branches\firebolt_branch01\Eclipse Luna SR1 121\Workspace\rodos\Debug_STM32F4\librodos.a(hw_specific.o)
                0x080070d8                __asmSwitchToContext
 .text.__asmSaveContextAndCallScheduler
                0x080070f4       0x1c C:\firebolt\branches\firebolt_branch01\Eclipse Luna SR1 121\Workspace\rodos\Debug_STM32F4\librodos.a(hw_specific.o)
                0x080070f4                __asmSaveContextAndCallScheduler
 .text.TIM5_ISR4LSI
                0x08007110       0x7c C:\firebolt\branches\firebolt_branch01\Eclipse Luna SR1 121\Workspace\rodos\Debug_STM32F4\librodos.a(hw_specific.o)
                0x08007110                TIM5_ISR4LSI
 .text.TIM5_ISR_USER
                0x0800718c        0xc C:\firebolt\branches\firebolt_branch01\Eclipse Luna SR1 121\Workspace\rodos\Debug_STM32F4\librodos.a(hw_specific.o)
                0x0800718c                TIM5_ISR_USER
 .text.TIM5_IRQHandler
                0x08007198       0x1c C:\firebolt\branches\firebolt_branch01\Eclipse Luna SR1 121\Workspace\rodos\Debug_STM32F4\librodos.a(hw_specific.o)
                0x08007198                TIM5_IRQHandler
 .text._ZN5RODOSL15GetLSIFrequencyEv
                0x080071b4      0x124 C:\firebolt\branches\firebolt_branch01\Eclipse Luna SR1 121\Workspace\rodos\Debug_STM32F4\librodos.a(hw_specific.o)
 .text._Z41__static_initialization_and_destruction_0ii
                0x080072d8       0x3c C:\firebolt\branches\firebolt_branch01\Eclipse Luna SR1 121\Workspace\rodos\Debug_STM32F4\librodos.a(hw_specific.o)
 .text._GLOBAL__sub_I_contextT
                0x08007314       0x10 C:\firebolt\branches\firebolt_branch01\Eclipse Luna SR1 121\Workspace\rodos\Debug_STM32F4\librodos.a(hw_specific.o)
 .text.NVIC_EnableIRQ
                0x08007324       0x30 C:\firebolt\branches\firebolt_branch01\Eclipse Luna SR1 121\Workspace\rodos\Debug_STM32F4\librodos.a(hw_timer.o)
 .text.NVIC_ClearPendingIRQ
                0x08007354       0x34 C:\firebolt\branches\firebolt_branch01\Eclipse Luna SR1 121\Workspace\rodos\Debug_STM32F4\librodos.a(hw_timer.o)
 .text.NVIC_SetPriority
                0x08007388       0x54 C:\firebolt\branches\firebolt_branch01\Eclipse Luna SR1 121\Workspace\rodos\Debug_STM32F4\librodos.a(hw_timer.o)
 .text.SysTick_Handler
                0x080073dc       0x64 C:\firebolt\branches\firebolt_branch01\Eclipse Luna SR1 121\Workspace\rodos\Debug_STM32F4\librodos.a(hw_timer.o)
                0x080073dc                SysTick_Handler
 .text.SysTick_Config_New
                0x08007440       0x40 C:\firebolt\branches\firebolt_branch01\Eclipse Luna SR1 121\Workspace\rodos\Debug_STM32F4\librodos.a(hw_timer.o)
 .text.SysTick_Enable
                0x08007480       0x1c C:\firebolt\branches\firebolt_branch01\Eclipse Luna SR1 121\Workspace\rodos\Debug_STM32F4\librodos.a(hw_timer.o)
 .text.SysTick_Disable
                0x0800749c       0x1c C:\firebolt\branches\firebolt_branch01\Eclipse Luna SR1 121\Workspace\rodos\Debug_STM32F4\librodos.a(hw_timer.o)
 .text._ZN5RODOS5Timer4initEv
                0x080074b8       0x50 C:\firebolt\branches\firebolt_branch01\Eclipse Luna SR1 121\Workspace\rodos\Debug_STM32F4\librodos.a(hw_timer.o)
                0x080074b8                RODOS::Timer::init()
 .text._ZN5RODOS5Timer5startEv
                0x08007508       0x54 C:\firebolt\branches\firebolt_branch01\Eclipse Luna SR1 121\Workspace\rodos\Debug_STM32F4\librodos.a(hw_timer.o)
                0x08007508                RODOS::Timer::start()
 .text._ZN5RODOS5Timer4stopEv
                0x0800755c        0xc C:\firebolt\branches\firebolt_branch01\Eclipse Luna SR1 121\Workspace\rodos\Debug_STM32F4\librodos.a(hw_timer.o)
                0x0800755c                RODOS::Timer::stop()
 .text._ZN5RODOS5Timer11setIntervalEx
                0x08007568       0x24 C:\firebolt\branches\firebolt_branch01\Eclipse Luna SR1 121\Workspace\rodos\Debug_STM32F4\librodos.a(hw_timer.o)
                0x08007568                RODOS::Timer::setInterval(long long)
 .text.TIM1_TRG_COM_TIM11_IRQHandler
                0x0800758c       0x38 C:\firebolt\branches\firebolt_branch01\Eclipse Luna SR1 121\Workspace\rodos\Debug_STM32F4\librodos.a(hw_timer.o)
                0x0800758c                TIM1_TRG_COM_TIM11_IRQHandler
 .text._ZN5RODOS9TIMx_initEv
                0x080075c4       0xb0 C:\firebolt\branches\firebolt_branch01\Eclipse Luna SR1 121\Workspace\rodos\Debug_STM32F4\librodos.a(hw_timer.o)
                0x080075c4                RODOS::TIMx_init()
 *fill*         0x08007674        0x4 
 .text._ZN5RODOS16hwGetNanosecondsEv
                0x08007678       0xc8 C:\firebolt\branches\firebolt_branch01\Eclipse Luna SR1 121\Workspace\rodos\Debug_STM32F4\librodos.a(hw_timer.o)
                0x08007678                RODOS::hwGetNanoseconds()
 .text._ZN5RODOS10hwInitTimeEv
                0x08007740       0x20 C:\firebolt\branches\firebolt_branch01\Eclipse Luna SR1 121\Workspace\rodos\Debug_STM32F4\librodos.a(hw_timer.o)
                0x08007740                RODOS::hwInitTime()
 .text.NMI_Handler
                0x08007760        0x8 C:\firebolt\branches\firebolt_branch01\Eclipse Luna SR1 121\Workspace\rodos\Debug_STM32F4\librodos.a(stm32xxx_it.o)
                0x08007760                NMI_Handler
 .text.HardFault_Handler
                0x08007768       0x24 C:\firebolt\branches\firebolt_branch01\Eclipse Luna SR1 121\Workspace\rodos\Debug_STM32F4\librodos.a(stm32xxx_it.o)
                0x08007768                HardFault_Handler
 .text.MemManage_Handler
                0x0800778c        0x8 C:\firebolt\branches\firebolt_branch01\Eclipse Luna SR1 121\Workspace\rodos\Debug_STM32F4\librodos.a(stm32xxx_it.o)
                0x0800778c                MemManage_Handler
 .text.BusFault_Handler
                0x08007794        0x8 C:\firebolt\branches\firebolt_branch01\Eclipse Luna SR1 121\Workspace\rodos\Debug_STM32F4\librodos.a(stm32xxx_it.o)
                0x08007794                BusFault_Handler
 .text.UsageFault_Handler
                0x0800779c        0x8 C:\firebolt\branches\firebolt_branch01\Eclipse Luna SR1 121\Workspace\rodos\Debug_STM32F4\librodos.a(stm32xxx_it.o)
                0x0800779c                UsageFault_Handler
 .text.WWDG_IRQHandlerFunc
                0x080077a4        0x8 C:\firebolt\branches\firebolt_branch01\Eclipse Luna SR1 121\Workspace\rodos\Debug_STM32F4\librodos.a(stm32xxx_it.o)
                0x080077a4                WWDG_IRQHandlerFunc
 .text._sbrk    0x080077ac       0x70 C:\firebolt\branches\firebolt_branch01\Eclipse Luna SR1 121\Workspace\rodos\Debug_STM32F4\librodos.a(syscalls.o)
                0x080077ac                _sbrk
 .text._sbrk_r  0x0800781c       0x1c C:\firebolt\branches\firebolt_branch01\Eclipse Luna SR1 121\Workspace\rodos\Debug_STM32F4\librodos.a(syscalls.o)
                0x0800781c                _sbrk_r
 .text.putchar  0x08007838       0x78 C:\firebolt\branches\firebolt_branch01\Eclipse Luna SR1 121\Workspace\rodos\Debug_STM32F4\librodos.a(syscalls.o)
                0x08007838                putchar
 .text._ZN5RODOS18sp_partition_yieldEv
                0x080078b0        0xc C:\firebolt\branches\firebolt_branch01\Eclipse Luna SR1 121\Workspace\rodos\Debug_STM32F4\librodos.a(syscalls.o)
                0x080078b0                RODOS::sp_partition_yield()
 .text._ZN5RODOS6FFLUSHEv
                0x080078bc        0xc C:\firebolt\branches\firebolt_branch01\Eclipse Luna SR1 121\Workspace\rodos\Debug_STM32F4\librodos.a(syscalls.o)
                0x080078bc                RODOS::FFLUSH()
 .text.SystemInit
                0x080078c8       0x78 C:\firebolt\branches\firebolt_branch01\Eclipse Luna SR1 121\Workspace\rodos\Debug_STM32F4\librodos.a(system_stm32f4xx.o)
                0x080078c8                SystemInit
 .text.SystemCoreClockUpdate
                0x08007940       0xf8 C:\firebolt\branches\firebolt_branch01\Eclipse Luna SR1 121\Workspace\rodos\Debug_STM32F4\librodos.a(system_stm32f4xx.o)
                0x08007940                SystemCoreClockUpdate
 .text.SetSysClock
                0x08007a38      0x1c8 C:\firebolt\branches\firebolt_branch01\Eclipse Luna SR1 121\Workspace\rodos\Debug_STM32F4\librodos.a(system_stm32f4xx.o)
 .text.schedulerWrapper
                0x08007c00       0x20 C:\firebolt\branches\firebolt_branch01\Eclipse Luna SR1 121\Workspace\rodos\Debug_STM32F4\librodos.a(scheduler.o)
                0x08007c00                schedulerWrapper
 .text._ZN5RODOS9Scheduler4idleEv
                0x08007c20       0x40 C:\firebolt\branches\firebolt_branch01\Eclipse Luna SR1 121\Workspace\rodos\Debug_STM32F4\librodos.a(scheduler.o)
                0x08007c20                RODOS::Scheduler::idle()
 .text._ZN5RODOS9Scheduler8scheduleEv
                0x08007c60       0x84 C:\firebolt\branches\firebolt_branch01\Eclipse Luna SR1 121\Workspace\rodos\Debug_STM32F4\librodos.a(scheduler.o)
                0x08007c60                RODOS::Scheduler::schedule()
 .text._ZN5RODOS9Scheduler18isSchedulerRunningEv
                0x08007ce4       0x20 C:\firebolt\branches\firebolt_branch01\Eclipse Luna SR1 121\Workspace\rodos\Debug_STM32F4\librodos.a(scheduler.o)
                0x08007ce4                RODOS::Scheduler::isSchedulerRunning()
 .text._Z41__static_initialization_and_destruction_0ii
                0x08007d04       0x3c C:\firebolt\branches\firebolt_branch01\Eclipse Luna SR1 121\Workspace\rodos\Debug_STM32F4\librodos.a(scheduler.o)
 .text._GLOBAL__sub_I___schedulerStack__
                0x08007d40       0x10 C:\firebolt\branches\firebolt_branch01\Eclipse Luna SR1 121\Workspace\rodos\Debug_STM32F4\librodos.a(scheduler.o)
 .text._ZN5RODOS9SemaphoreC2Ev
                0x08007d50       0x30 C:\firebolt\branches\firebolt_branch01\Eclipse Luna SR1 121\Workspace\rodos\Debug_STM32F4\librodos.a(semaphore.o)
                0x08007d50                RODOS::Semaphore::Semaphore()
                0x08007d50                RODOS::Semaphore::Semaphore()
 .text._ZN5RODOS9Semaphore5enterEv
                0x08007d80       0xbc C:\firebolt\branches\firebolt_branch01\Eclipse Luna SR1 121\Workspace\rodos\Debug_STM32F4\librodos.a(semaphore.o)
                0x08007d80                RODOS::Semaphore::enter()
 .text._ZN5RODOS9Semaphore5leaveEv
                0x08007e3c       0x9c C:\firebolt\branches\firebolt_branch01\Eclipse Luna SR1 121\Workspace\rodos\Debug_STM32F4\librodos.a(semaphore.o)
                0x08007e3c                RODOS::Semaphore::leave()
 .text._ZN5RODOS6ThreadC2EPKcll
                0x08007ed8       0xdc C:\firebolt\branches\firebolt_branch01\Eclipse Luna SR1 121\Workspace\rodos\Debug_STM32F4\librodos.a(thread_on_hw.o)
                0x08007ed8                RODOS::Thread::Thread(char const*, long, long)
                0x08007ed8                RODOS::Thread::Thread(char const*, long, long)
 .text._ZN5RODOS6ThreadD2Ev
                0x08007fb4       0x54 C:\firebolt\branches\firebolt_branch01\Eclipse Luna SR1 121\Workspace\rodos\Debug_STM32F4\librodos.a(thread_on_hw.o)
                0x08007fb4                RODOS::Thread::~Thread()
                0x08007fb4                RODOS::Thread::~Thread()
 .text._ZN5RODOS6ThreadD0Ev
                0x08008008       0x20 C:\firebolt\branches\firebolt_branch01\Eclipse Luna SR1 121\Workspace\rodos\Debug_STM32F4\librodos.a(thread_on_hw.o)
                0x08008008                RODOS::Thread::~Thread()
 .text._ZN5RODOS6Thread6createEv
                0x08008028       0x14 C:\firebolt\branches\firebolt_branch01\Eclipse Luna SR1 121\Workspace\rodos\Debug_STM32F4\librodos.a(thread_on_hw.o)
                0x08008028                RODOS::Thread::create()
 .text._ZN5RODOS6Thread5yieldEv
                0x0800803c       0x6c C:\firebolt\branches\firebolt_branch01\Eclipse Luna SR1 121\Workspace\rodos\Debug_STM32F4\librodos.a(thread_on_hw.o)
                0x0800803c                RODOS::Thread::yield()
 .text._ZN5RODOS6Thread8activateEv
                0x080080a8       0x4c C:\firebolt\branches\firebolt_branch01\Eclipse Luna SR1 121\Workspace\rodos\Debug_STM32F4\librodos.a(thread_on_hw.o)
                0x080080a8                RODOS::Thread::activate()
 .text._ZNK5RODOS6Thread11getPriorityEv
                0x080080f4       0x18 C:\firebolt\branches\firebolt_branch01\Eclipse Luna SR1 121\Workspace\rodos\Debug_STM32F4\librodos.a(thread_on_hw.o)
                0x080080f4                RODOS::Thread::getPriority() const
 .text._ZN5RODOS6Thread11setPriorityEl
                0x0800810c       0x1c C:\firebolt\branches\firebolt_branch01\Eclipse Luna SR1 121\Workspace\rodos\Debug_STM32F4\librodos.a(thread_on_hw.o)
                0x0800810c                RODOS::Thread::setPriority(long)
 .text._ZN5RODOS6Thread16getCurrentThreadEv
                0x08008128       0x18 C:\firebolt\branches\firebolt_branch01\Eclipse Luna SR1 121\Workspace\rodos\Debug_STM32F4\librodos.a(thread_on_hw.o)
                0x08008128                RODOS::Thread::getCurrentThread()
 .text._ZN5RODOS6Thread6resumeEv
                0x08008140       0x38 C:\firebolt\branches\firebolt_branch01\Eclipse Luna SR1 121\Workspace\rodos\Debug_STM32F4\librodos.a(thread_on_hw.o)
                0x08008140                RODOS::Thread::resume()
 .text._ZN5RODOS6Thread18suspendCallerUntilExPv
                0x08008178       0x74 C:\firebolt\branches\firebolt_branch01\Eclipse Luna SR1 121\Workspace\rodos\Debug_STM32F4\librodos.a(thread_on_hw.o)
                0x08008178                RODOS::Thread::suspendCallerUntil(long long, void*)
 .text._ZN5RODOS6Thread17initializeThreadsEv
                0x080081ec       0xd0 C:\firebolt\branches\firebolt_branch01\Eclipse Luna SR1 121\Workspace\rodos\Debug_STM32F4\librodos.a(thread_on_hw.o)
                0x080081ec                RODOS::Thread::initializeThreads()
 .text._ZN5RODOS20threadStartupWrapperEPNS_6ThreadE
                0x080082bc       0x40 C:\firebolt\branches\firebolt_branch01\Eclipse Luna SR1 121\Workspace\rodos\Debug_STM32F4\librodos.a(thread_on_hw.o)
                0x080082bc                RODOS::threadStartupWrapper(RODOS::Thread*)
 .text._ZN5RODOS10IdleThreadC2Ev
                0x080082fc       0x30 C:\firebolt\branches\firebolt_branch01\Eclipse Luna SR1 121\Workspace\rodos\Debug_STM32F4\librodos.a(thread_on_hw.o)
                0x080082fc                RODOS::IdleThread::IdleThread()
                0x080082fc                RODOS::IdleThread::IdleThread()
 .text._ZN5RODOS10IdleThread3runEv
                0x0800832c       0x34 C:\firebolt\branches\firebolt_branch01\Eclipse Luna SR1 121\Workspace\rodos\Debug_STM32F4\librodos.a(thread_on_hw.o)
                0x0800832c                RODOS::IdleThread::run()
 .text._ZN5RODOS10IdleThread4initEv
                0x08008360       0x18 C:\firebolt\branches\firebolt_branch01\Eclipse Luna SR1 121\Workspace\rodos\Debug_STM32F4\librodos.a(thread_on_hw.o)
                0x08008360                RODOS::IdleThread::init()
 .text._ZN5RODOS6Thread13findNextToRunEx
                0x08008378      0x1b0 C:\firebolt\branches\firebolt_branch01\Eclipse Luna SR1 121\Workspace\rodos\Debug_STM32F4\librodos.a(thread_on_hw.o)
                0x08008378                RODOS::Thread::findNextToRun(long long)
 .text._ZN5RODOS6Thread18findNextWaitingForEPv
                0x08008528       0xcc C:\firebolt\branches\firebolt_branch01\Eclipse Luna SR1 121\Workspace\rodos\Debug_STM32F4\librodos.a(thread_on_hw.o)
                0x08008528                RODOS::Thread::findNextWaitingFor(void*)
 .text._ZN5RODOS10IdleThreadD2Ev
                0x080085f4       0x30 C:\firebolt\branches\firebolt_branch01\Eclipse Luna SR1 121\Workspace\rodos\Debug_STM32F4\librodos.a(thread_on_hw.o)
                0x080085f4                RODOS::IdleThread::~IdleThread()
                0x080085f4                RODOS::IdleThread::~IdleThread()
 .text._ZN5RODOS10IdleThreadD0Ev
                0x08008624       0x20 C:\firebolt\branches\firebolt_branch01\Eclipse Luna SR1 121\Workspace\rodos\Debug_STM32F4\librodos.a(thread_on_hw.o)
                0x08008624                RODOS::IdleThread::~IdleThread()
 .text._Z41__static_initialization_and_destruction_0ii
                0x08008644       0x3c C:\firebolt\branches\firebolt_branch01\Eclipse Luna SR1 121\Workspace\rodos\Debug_STM32F4\librodos.a(thread_on_hw.o)
 .text._GLOBAL__sub_I__ZN5RODOS6ThreadC2EPKcll